Component: ARM Compiler 5.06 update 6 (build 750) Tool: armlink [4d35ed]

==============================================================================

Section Cross References

    main.o(i.assert_nrf_callback) refers to app_error_handler_keil.o(.emb_text) for app_error_handler
    main.o(i.ble_evt_handler) refers to bsp.o(i.bsp_indication_set) for bsp_indication_set
    main.o(i.ble_evt_handler) refers to app_error.o(i.app_error_handler_bare) for app_error_handler_bare
    main.o(i.ble_evt_handler) refers to nrf_ble_qwr.o(i.nrf_ble_qwr_conn_handle_assign) for nrf_ble_qwr_conn_handle_assign
    main.o(i.ble_evt_handler) refers to main.o(.data) for .data
    main.o(i.ble_evt_handler) refers to main.o(.bss) for .bss
    main.o(i.bmi160_spi_bus_read) refers to main.o(i.nrf_drv_spi_transfer) for nrf_drv_spi_transfer
    main.o(i.bmi160_spi_bus_read) refers to main.o(.data) for .data
    main.o(i.bmi160_spi_bus_read) refers to main.o(.bss) for .bss
    main.o(i.bmi160_spi_bus_read) refers to main.o(.constdata) for .constdata
    main.o(i.bmi160_spi_bus_write) refers to malloc.o(i.malloc) for malloc
    main.o(i.bmi160_spi_bus_write) refers to main.o(i.nrf_drv_spi_transfer) for nrf_drv_spi_transfer
    main.o(i.bmi160_spi_bus_write) refers to malloc.o(i.free) for free
    main.o(i.bmi160_spi_bus_write) refers to main.o(.data) for .data
    main.o(i.bmi160_spi_bus_write) refers to main.o(.constdata) for .constdata
    main.o(i.bsp_event_handler) refers to main.o(i.sleep_mode_enter) for sleep_mode_enter
    main.o(i.bsp_event_handler) refers to app_error.o(i.app_error_handler_bare) for app_error_handler_bare
    main.o(i.bsp_event_handler) refers to ble_advertising.o(i.ble_advertising_restart_without_whitelist) for ble_advertising_restart_without_whitelist
    main.o(i.bsp_event_handler) refers to main.o(.data) for .data
    main.o(i.bsp_event_handler) refers to main.o(.bss) for .bss
    main.o(i.config_gpio) refers to nrfx_gpiote.o(i.nrfx_gpiote_is_init) for nrfx_gpiote_is_init
    main.o(i.config_gpio) refers to nrfx_gpiote.o(i.nrfx_gpiote_init) for nrfx_gpiote_init
    main.o(i.config_gpio) refers to nrfx_gpiote.o(i.nrfx_gpiote_in_init) for nrfx_gpiote_in_init
    main.o(i.config_gpio) refers to nrfx_gpiote.o(i.nrfx_gpiote_in_event_enable) for nrfx_gpiote_in_event_enable
    main.o(i.config_gpio) refers to main.o(.constdata) for .constdata
    main.o(i.config_gpio) refers to main.o(i.interrupt_handler) for interrupt_handler
    main.o(i.conn_params_error_handler) refers to app_error.o(i.app_error_handler_bare) for app_error_handler_bare
    main.o(i.gatt_evt_handler) refers to main.o(.data) for .data
    main.o(i.gatt_init) refers to nrf_ble_gatt.o(i.nrf_ble_gatt_init) for nrf_ble_gatt_init
    main.o(i.gatt_init) refers to app_error.o(i.app_error_handler_bare) for app_error_handler_bare
    main.o(i.gatt_init) refers to nrf_ble_gatt.o(i.nrf_ble_gatt_att_mtu_periph_set) for nrf_ble_gatt_att_mtu_periph_set
    main.o(i.gatt_init) refers to main.o(i.gatt_evt_handler) for gatt_evt_handler
    main.o(i.gatt_init) refers to main.o(.bss) for .bss
    main.o(i.get_bmi160_fifo_data) refers to bmi160.o(i.bmi160_get_fifo_data) for bmi160_get_fifo_data
    main.o(i.get_bmi160_fifo_data) refers to bmi160.o(i.bmi160_extract_accel) for bmi160_extract_accel
    main.o(i.get_bmi160_fifo_data) refers to main.o(.bss) for .bss
    main.o(i.interrupt_handler) refers to main.o(i.get_bmi160_fifo_data) for get_bmi160_fifo_data
    main.o(i.main) refers to memcpya.o(.text) for __aeabi_memcpy4
    main.o(i.main) refers to app_uart_fifo.o(i.app_uart_init) for app_uart_init
    main.o(i.main) refers to app_error.o(i.app_error_handler_bare) for app_error_handler_bare
    main.o(i.main) refers to app_timer.o(i.app_timer_init) for app_timer_init
    main.o(i.main) refers to bsp.o(i.bsp_init) for bsp_init
    main.o(i.main) refers to bsp_btn_ble.o(i.bsp_btn_ble_init) for bsp_btn_ble_init
    main.o(i.main) refers to nrf_pwr_mgmt.o(i.nrf_pwr_mgmt_init) for nrf_pwr_mgmt_init
    main.o(i.main) refers to nrf_sdh.o(i.nrf_sdh_enable_request) for nrf_sdh_enable_request
    main.o(i.main) refers to nrf_sdh_ble.o(i.nrf_sdh_ble_default_cfg_set) for nrf_sdh_ble_default_cfg_set
    main.o(i.main) refers to nrf_sdh_ble.o(i.nrf_sdh_ble_enable) for nrf_sdh_ble_enable
    main.o(i.main) refers to main.o(i.gatt_init) for gatt_init
    main.o(i.main) refers to nrf_ble_qwr.o(i.nrf_ble_qwr_init) for nrf_ble_qwr_init
    main.o(i.main) refers to ble_nus.o(i.ble_nus_init) for ble_nus_init
    main.o(i.main) refers to memseta.o(.text) for __aeabi_memclr4
    main.o(i.main) refers to ble_advertising.o(i.ble_advertising_init) for ble_advertising_init
    main.o(i.main) refers to ble_advertising.o(i.ble_advertising_conn_cfg_tag_set) for ble_advertising_conn_cfg_tag_set
    main.o(i.main) refers to ble_conn_params.o(i.ble_conn_params_init) for ble_conn_params_init
    main.o(i.main) refers to main.o(i.spi_config) for spi_config
[...]
    .constdata                               0x0002c620   Section        6  app_timer.o(.constdata)
    delay_bytecode                           0x0002c620   Data           6  app_timer.o(.constdata)
    .constdata                               0x0002c628   Section       32  app_uart_fifo.o(.constdata)
    .constdata                               0x0002c648   Section       24  nrf_pwr_mgmt.o(.constdata)
    pwr_mgmt_data_array                      0x0002c648   Data          24  nrf_pwr_mgmt.o(.constdata)
    .constdata                               0x0002c660   Section       12  nrf_pwr_mgmt.o(.constdata)
    pwr_mgmt_data                            0x0002c660   Data          12  nrf_pwr_mgmt.o(.constdata)
    .constdata                               0x0002c66c   Section       16  nrf_sdh.o(.constdata)
    sdh_req_observers_array                  0x0002c66c   Data          16  nrf_sdh.o(.constdata)
    .constdata                               0x0002c67c   Section       40  nrf_sdh.o(.constdata)
    sdh_req_observers                        0x0002c680   Data          12  nrf_sdh.o(.constdata)
    sdh_state_observers                      0x0002c68c   Data          12  nrf_sdh.o(.constdata)
    sdh_stack_observers                      0x0002c698   Data          12  nrf_sdh.o(.constdata)
    .constdata                               0x0002c6a4   Section       16  nrf_sdh.o(.constdata)
    sdh_state_observers_array                0x0002c6a4   Data          16  nrf_sdh.o(.constdata)
    .constdata                               0x0002c6b4   Section       16  nrf_sdh.o(.constdata)
    sdh_stack_observers_array                0x0002c6b4   Data          16  nrf_sdh.o(.constdata)
    .constdata                               0x0002c6c4   Section       32  nrf_sdh_ble.o(.constdata)
    sdh_ble_observers_array                  0x0002c6c4   Data          32  nrf_sdh_ble.o(.constdata)
    .constdata                               0x0002c6e4   Section       16  nrf_sdh_ble.o(.constdata)
    sdh_ble_observers                        0x0002c6e8   Data          12  nrf_sdh_ble.o(.constdata)
    .constdata                               0x0002c6f4   Section       16  nrf_sdh_soc.o(.constdata)
    sdh_soc_observers_array                  0x0002c6f4   Data          16  nrf_sdh_soc.o(.constdata)
    .constdata                               0x0002c704   Section       12  nrf_sdh_soc.o(.constdata)
    sdh_soc_observers                        0x0002c704   Data          12  nrf_sdh_soc.o(.constdata)
    .constdata                               0x0002c710   Section       13  bmi160.o(.constdata)
    sdh_ble_observers0                       0x0002c740   Section        8  ble_conn_state.o(sdh_ble_observers0)
    __tagsym$$used                           0x0002c740   Number         0  ble_conn_state.o(sdh_ble_observers0)
    m_ble_evt_observer                       0x0002c740   Data           8  ble_conn_state.o(sdh_ble_observers0)
    sdh_ble_observers1                       0x0002c748   Section       16  main.o(sdh_ble_observers1)
    __tagsym$$used                           0x0002c748   Number         0  main.o(sdh_ble_observers1)
    m_gatt_obs                               0x0002c748   Data           8  main.o(sdh_ble_observers1)
    __tagsym$$used                           0x0002c750   Number         0  main.o(sdh_ble_observers1)
    m_advertising_ble_obs                    0x0002c750   Data           8  main.o(sdh_ble_observers1)
    sdh_ble_observers1                       0x0002c758   Section        8  bsp_btn_ble.o(sdh_ble_observers1)
    __tagsym$$used                           0x0002c758   Number         0  bsp_btn_ble.o(sdh_ble_observers1)
    m_ble_observer                           0x0002c758   Data           8  bsp_btn_ble.o(sdh_ble_observers1)
    sdh_ble_observers1                       0x0002c760   Section        8  ble_conn_params.o(sdh_ble_observers1)
    __tagsym$$used                           0x0002c760   Number         0  ble_conn_params.o(sdh_ble_observers1)
    m_ble_observer                           0x0002c760   Data           8  ble_conn_params.o(sdh_ble_observers1)
    sdh_ble_observers2                       0x0002c768   Section       16  main.o(sdh_ble_observers2)
    __tagsym$$used                           0x0002c768   Number         0  main.o(sdh_ble_observers2)
    m_nus_obs                                0x0002c768   Data           8  main.o(sdh_ble_observers2)
    __tagsym$$used                           0x0002c770   Number         0  main.o(sdh_ble_observers2)
    m_qwr_obs                                0x0002c770   Data           8  main.o(sdh_ble_observers2)
    sdh_ble_observers3                       0x0002c778   Section        8  main.o(sdh_ble_observers3)
    __tagsym$$used                           0x0002c778   Number         0  main.o(sdh_ble_observers3)
    m_ble_observer                           0x0002c778   Data           8  main.o(sdh_ble_observers3)
    sdh_soc_observers0                       0x0002c780   Section        8  nrf_drv_clock.o(sdh_soc_observers0)
    __tagsym$$used                           0x0002c780   Number         0  nrf_drv_clock.o(sdh_soc_observers0)
    m_soc_evt_observer                       0x0002c780   Data           8  nrf_drv_clock.o(sdh_soc_observers0)
    sdh_soc_observers1                       0x0002c788   Section        8  main.o(sdh_soc_observers1)
    __tagsym$$used                           0x0002c788   Number         0  main.o(sdh_soc_observers1)
    m_advertising_soc_obs                    0x0002c788   Data           8  main.o(sdh_soc_observers1)
    sdh_stack_observers0                     0x0002c790   Section        8  nrf_sdh_ble.o(sdh_stack_observers0)
    __tagsym$$used                           0x0002c790   Number         0  nrf_sdh_ble.o(sdh_stack_observers0)
    m_nrf_sdh_ble_evts_poll                  0x0002c790   Data           8  nrf_sdh_ble.o(sdh_stack_observers0)
    sdh_stack_observers0                     0x0002c798   Section        8  nrf_sdh_soc.o(sdh_stack_observers0)
    __tagsym$$used                           0x0002c798   Number         0  nrf_sdh_soc.o(sdh_stack_observers0)
    m_nrf_sdh_soc_evts_poll                  0x0002c798   Data           8  nrf_sdh_soc.o(sdh_stack_observers0)
    sdh_state_observers0                     0x0002c7a0   Section        8  nrf_drv_clock.o(sdh_state_observers0)
    __tagsym$$used                           0x0002c7a0   Number         0  nrf_drv_clock.o(sdh_state_observers0)
    m_sd_state_observer                      0x0002c7a0   Data           8  nrf_drv_clock.o(sdh_state_observers0)
    .data                                    0x20002a98   Section        8  main.o(.data)
    m_nus_link_ctx_storage                   0x20002a98   Data           8  main.o(.data)
    .data                                    0x20002aa0   Section       40  main.o(.data)
    index                                    0x20002aa0   Data           1  main.o(.data)
    spi_xfer_done                            0x20002aa1   Data           1  main.o(.data)
    m_conn_handle                            0x20002aa2   Data           2  main.o(.data)
    m_ble_nus_max_data_len                   0x20002aa4   Data           2  main.o(.data)
    m_adv_uuids                              0x20002aa6   Data           4  main.o(.data)
    m_nus                                    0x20002aac   Data          28  main.o(.data)
    .data                                    0x20002ac8   Section        4  main.o(.data)
    m_nus_link_ctx_storage_ctx_data_pool     0x20002ac8   Data           4  main.o(.data)
    .data                                    0x20002acc   Section       16  bsp.o(.data)
    m_stable_state                           0x20002acc   Data           1  bsp.o(.data)
    m_leds_clear                             0x20002acd   Data           1  bsp.o(.data)
    m_alert_on                               0x20002ace   Data           1  bsp.o(.data)
    current_long_push_pin_no                 0x20002acf   Data           1  bsp.o(.data)
    m_indication_type                        0x20002ad0   Data           4  bsp.o(.data)
    m_registered_callback                    0x20002ad4   Data           4  bsp.o(.data)
    release_event_at_push                    0x20002ad8   Data           4  bsp.o(.data)
    .data                                    0x20002adc   Section        8  bsp_btn_ble.o(.data)
    m_error_handler                          0x20002adc   Data           4  bsp_btn_ble.o(.data)
    m_num_connections                        0x20002ae0   Data           4  bsp_btn_ble.o(.data)
    .data                                    0x20002ae4   Section        8  ble_conn_params.o(.data)
    m_preferred_conn_params                  0x20002ae4   Data           8  ble_conn_params.o(.data)
    .data                                    0x20002aec   Section       12  nrf_drv_uart.o(.data)
    m_handlers                               0x20002af0   Data           4  nrf_drv_uart.o(.data)
    m_contexts                               0x20002af4   Data           4  nrf_drv_uart.o(.data)
    .data                                    0x20002af8   Section        8  nrfx_clock.o(.data)
    m_clock_cb                               0x20002af8   Data           8  nrfx_clock.o(.data)
    .data                                    0x20002b00   Section        8  nrfx_prs.o(.data)
    m_prs_box_4                              0x20002b00   Data           8  nrfx_prs.o(.data)
    .data                                    0x20002b08   Section       32  app_button.o(.data)
    m_button_count                           0x20002b08   Data           1  app_button.o(.data)
    mp_buttons                               0x20002b0c   Data           4  app_button.o(.data)
    m_detection_delay                        0x20002b10   Data           4  app_button.o(.data)
    m_pin_state                              0x20002b18   Data           8  app_button.o(.data)
    m_pin_transition                         0x20002b20   Data           8  app_button.o(.data)
    .data                                    0x20002b28   Section       20  app_timer.o(.data)
    m_ticks_elapsed_q_read_ind               0x20002b28   Data           1  app_timer.o(.data)
    m_ticks_elapsed_q_write_ind              0x20002b29   Data           1  app_timer.o(.data)
    m_rtc1_running                           0x20002b2a   Data           1  app_timer.o(.data)
    m_rtc1_reset                             0x20002b2b   Data           1  app_timer.o(.data)
    mp_timer_id_head                         0x20002b2c   Data           4  app_timer.o(.data)
    m_ticks_latest                           0x20002b30   Data           4  app_timer.o(.data)
    m_ticks_elapsed                          0x20002b34   Data           8  app_timer.o(.data)
    .data                                    0x20002b3c   Section       28  app_uart_fifo.o(.data)
    tx_buffer                                0x20002b3c   Data           1  app_uart_fifo.o(.data)
    rx_buffer                                0x20002b3d   Data           1  app_uart_fifo.o(.data)
    m_rx_ovf                                 0x20002b3e   Data           1  app_uart_fifo.o(.data)
    m_event_handler                          0x20002b40   Data           4  app_uart_fifo.o(.data)
    app_uart_inst                            0x20002b44   Data          20  app_uart_fifo.o(.data)
    .data                                    0x20002b58   Section        8  nrf_pwr_mgmt.o(.data)
    m_pwr_mgmt_evt                           0x20002b58   Data           1  nrf_pwr_mgmt.o(.data)
    m_shutdown_started                       0x20002b59   Data           1  nrf_pwr_mgmt.o(.data)
    m_sysoff_mtx                             0x20002b5c   Data           4  nrf_pwr_mgmt.o(.data)
    .data                                    0x20002b60   Section        4  retarget.o(.data)
    .data                                    0x20002b64   Section        3  nrf_sdh.o(.data)
    m_nrf_sdh_enabled                        0x20002b64   Data           1  nrf_sdh.o(.data)
    m_nrf_sdh_suspended                      0x20002b65   Data           1  nrf_sdh.o(.data)
    m_nrf_sdh_continue                       0x20002b66   Data           1  nrf_sdh.o(.data)
    .data                                    0x20002b67   Section        1  nrf_sdh_ble.o(.data)
    m_stack_is_enabled                       0x20002b67   Data           1  nrf_sdh_ble.o(.data)
    .data                                    0x20002b68   Section        4  system_nrf52.o(.data)
    __tagsym$$used                           0x20002b68   Number         0  system_nrf52.o(.data)
    .data                                    0x20002b6c   Section        4  mvars.o(.data)
    .data                                    0x20002b70   Section        4  mvars.o(.data)
    .bss                                     0x20002b74   Section     2192  main.o(.bss)
    data_array                               0x20002b74   Data         244  main.o(.bss)
    rx_buf                                   0x20002c68   Data         256  main.o(.bss)
    tx_buf                                   0x20002d68   Data         256  main.o(.bss)
    m_gatt                                   0x20002e68   Data          20  main.o(.bss)
    m_qwr                                    0x20002e7c   Data          12  main.o(.bss)
    m_advertising                            0x20002e88   Data         600  main.o(.bss)
    SPI_RX_Buffer                            0x200031c0   Data         201  main.o(.bss)
    .bss                                     0x20003404   Section       32  bsp.o(.bss)
    m_bsp_leds_tmr_data                      0x20003404   Data          32  bsp.o(.bss)
    .bss                                     0x20003424   Section       32  bsp.o(.bss)
    m_bsp_alert_tmr_data                     0x20003424   Data          32  bsp.o(.bss)
    .bss                                     0x20003444   Section       12  bsp.o(.bss)
    m_events_list                            0x20003444   Data          12  bsp.o(.bss)
    .bss                                     0x20003450   Section       32  bsp.o(.bss)
    m_bsp_button_tmr_data                    0x20003450   Data          32  bsp.o(.bss)
    .bss                                     0x20003470   Section       80  ble_conn_params.o(.bss)
    m_timer_data                             0x20003470   Data          32  ble_conn_params.o(.bss)
    m_conn_params_instances                  0x20003490   Data          20  ble_conn_params.o(.bss)
    m_conn_params_config                     0x200034a4   Data          28  ble_conn_params.o(.bss)
    .bss                                     0x200034c0   Section      120  ble_conn_state.o(.bss)
    m_bcs                                    0x200034c0   Data         120  ble_conn_state.o(.bss)
    .bss                                     0x20003538   Section       20  nrf_drv_clock.o(.bss)
    m_clock_cb                               0x20003538   Data          20  nrf_drv_clock.o(.bss)
    .bss                                     0x2000354c   Section       92  nrfx_gpiote.o(.bss)
    m_cb                                     0x2000354c   Data          92  nrfx_gpiote.o(.bss)
    .bss                                     0x200035a8   Section       44  nrfx_uart.o(.bss)
    m_cb                                     0x200035a8   Data          44  nrfx_uart.o(.bss)
    .bss                                     0x200035d4   Section       36  nrfx_uarte.o(.bss)
    m_cb                                     0x200035d4   Data          36  nrfx_uarte.o(.bss)
    .bss                                     0x200035f8   Section       24  nrf_drv_spi.o(.bss)
    m_handlers                               0x200035f8   Data          12  nrf_drv_spi.o(.bss)
    m_contexts                               0x20003604   Data          12  nrf_drv_spi.o(.bss)
    .bss                                     0x20003610   Section       36  nrfx_spim.o(.bss)
    m_cb                                     0x20003610   Data          36  nrfx_spim.o(.bss)
    .bss                                     0x20003634   Section       32  app_button.o(.bss)
    m_detection_delay_timer_id_data          0x20003634   Data          32  app_button.o(.bss)
    .bss                                     0x20003654   Section      268  app_timer.o(.bss)
    m_op_queue                               0x20003654   Data         268  app_timer.o(.bss)
    .bss                                     0x20003760   Section       32  app_uart_fifo.o(.bss)
    m_rx_fifo                                0x20003760   Data          16  app_uart_fifo.o(.bss)
    m_tx_fifo                                0x20003770   Data          16  app_uart_fifo.o(.bss)
    .bss                                     0x20003780   Section       12  app_util_platform.o(.bss)
    .bss                                     0x2000378c   Section       12  nrf_pwr_mgmt.o(.bss)
    m_handlers_iter                          0x2000378c   Data          12  nrf_pwr_mgmt.o(.bss)
    HEAP                                     0x20003798   Section     8192  arm_startup_nrf52.o(HEAP)
    STACK                                    0x20005798   Section     8192  arm_startup_nrf52.o(STACK)

    Global Symbols

    Symbol Name                              Value     Ov Type        Size  Object(Section)

    BuildAttributes$$THM_ISAv4$E$P$D$K$B$S$7EM$VFPi3$EXTD16$VFPS$VFMA$PE$A:L22UL41UL21$X:L11$S22US41US21$IEEE1$IW$USESV6$~STKCKD$USESV7$~SHL$OSPACE$ROPI$EBA8$MICROLIB$REQ8$EABIv2 0x00000000   Number         0  anon$$obj.o ABSOLUTE
    __ARM_use_no_argv                        0x00000000   Number         0  main.o ABSOLUTE
    __cpp_initialize__aeabi_                  - Undefined Weak Reference
    __cxa_finalize                            - Undefined Weak Reference
    __decompress                              - Undefined Weak Reference
    _clock_init                               - Undefined Weak Reference
    _microlib_exit                            - Undefined Weak Reference
    pwr_mgmt_data0$$Base                      - Undefined Reference
    pwr_mgmt_data0$$Limit                     - Undefined Reference
    pwr_mgmt_data1$$Base                      - Undefined Reference
    pwr_mgmt_data1$$Limit                     - Undefined Reference
    pwr_mgmt_data2$$Base                      - Undefined Reference
    pwr_mgmt_data2$$Limit                     - Undefined Reference
    sdh_req_observers0$$Base                  - Undefined Reference
    sdh_req_observers0$$Limit                 - Undefined Reference
    sdh_req_observers1$$Base                  - Undefined Reference
    sdh_req_observers1$$Limit                 - Undefined Reference
    sdh_stack_observers1$$Base                - Undefined Reference
    sdh_stack_observers1$$Limit               - Undefined Reference
    sdh_state_observers1$$Base                - Undefined Reference
    sdh_state_observers1$$Limit               - Undefined Reference
    __Vectors_Size                           0x00000200   Number         0  arm_startup_nrf52.o ABSOLUTE
    __Vectors                                0x00026000   Data           4  arm_startup_nrf52.o(RESET)
    __Vectors_End                            0x00026200   Data           0  arm_startup_nrf52.o(RESET)
    __main                                   0x00026201   Thumb Code     0  entry.o(.ARM.Collect$$$$00000000)
    _main_stk                                0x00026201   Thumb Code     0  entry2.o(.ARM.Collect$$$$00000001)
    _main_scatterload                        0x00026205   Thumb Code     0  entry5.o(.ARM.Collect$$$$00000004)
    __main_after_scatterload                 0x00026209   Thumb Code     0  entry5.o(.ARM.Collect$$$$00000004)
    _main_clock                              0x00026209   Thumb Code     0  entry7b.o(.ARM.Collect$$$$00000008)
    _main_cpp_init                           0x00026209   Thumb Code     0  entry8b.o(.ARM.Collect$$$$0000000A)
    _main_init                               0x00026209   Thumb Code     0  entry9a.o(.ARM.Collect$$$$0000000B)
    __rt_final_cpp                           0x00026211   Thumb Code     0  entry10a.o(.ARM.Collect$$$$0000000D)
    __rt_final_exit                          0x00026211   Thumb Code     0  entry11a.o(.ARM.Collect$$$$0000000F)
    __asm___12_nrf_atomic_c_85ca2469__nrf_atomic_internal_mov 0x00026215   Thumb Code    24  nrf_atomic.o(.emb_text)
    __asm___12_nrf_atomic_c_85ca2469__nrf_atomic_internal_orr 0x0002622d   Thumb Code    26  nrf_atomic.o(.emb_text)
    __asm___12_nrf_atomic_c_85ca2469__nrf_atomic_internal_and 0x00026247   Thumb Code    26  nrf_atomic.o(.emb_text)
    __asm___12_nrf_atomic_c_85ca2469__nrf_atomic_internal_eor 0x00026261   Thumb Code    26  nrf_atomic.o(.emb_text)
    __asm___12_nrf_atomic_c_85ca2469__nrf_atomic_internal_add 0x0002627b   Thumb Code    26  nrf_atomic.o(.emb_text)
    __asm___12_nrf_atomic_c_85ca2469__nrf_atomic_internal_sub 0x00026295   Thumb Code    26  nrf_atomic.o(.emb_text)
    __asm___12_nrf_atomic_c_85ca2469__nrf_atomic_internal_cmp_exch 0x000262af   Thumb Code    42  nrf_atomic.o(.emb_text)
    __asm___12_nrf_atomic_c_85ca2469__nrf_atomic_internal_sub_hs 0x000262d9   Thumb Code    30  nrf_atomic.o(.emb_text)
    Reset_Handler                            0x000262f9   Thumb Code     8  arm_startup_nrf52.o(.text)
    NMI_Handler                              0x00026301   Thumb Code     2  arm_startup_nrf52.o(.text)
    HardFault_Handler                        0x00026303   Thumb Code     2  arm_startup_nrf52.o(.text)
    MemoryManagement_Handler                 0x00026305   Thumb Code     2  arm_startup_nrf52.o(.text)
    BusFault_Handler                         0x00026307   Thumb Code     2  arm_startup_nrf52.o(.text)
    UsageFault_Handler                       0x00026309   Thumb Code     2  arm_startup_nrf52.o(.text)
    SVC_Handler                              0x0002630b   Thumb Code     2  arm_startup_nrf52.o(.text)
    DebugMon_Handler                         0x0002630d   Thumb Code     2  arm_startup_nrf52.o(.text)
    PendSV_Handler                           0x0002630f   Thumb Code     2  arm_startup_nrf52.o(.text)
    SysTick_Handler                          0x00026311   Thumb Code     2  arm_startup_nrf52.o(.text)
    CCM_AAR_IRQHandler                       0x00026313   Thumb Code     0  arm_startup_nrf52.o(.text)
    COMP_LPCOMP_IRQHandler                   0x00026313   Thumb Code     0  arm_startup_nrf52.o(.text)
    ECB_IRQHandler                           0x00026313   Thumb Code     0  arm_startup_nrf52.o(.text)
    FPU_IRQHandler                           0x00026313   Thumb Code     0  arm_startup_nrf52.o(.text)
    I2S_IRQHandler                           0x00026313   Thumb Code     0  arm_startup_nrf52.o(.text)
    MWU_IRQHandler                           0x00026313   Thumb Code     0  arm_startup_nrf52.o(.text)
    NFCT_IRQHandler                          0x00026313   Thumb Code     0  arm_startup_nrf52.o(.text)
    PDM_IRQHandler                           0x00026313   Thumb Code     0  arm_startup_nrf52.o(.text)
    PWM0_IRQHandler                          0x00026313   Thumb Code     0  arm_startup_nrf52.o(.text)
    PWM1_IRQHandler                          0x00026313   Thumb Code     0  arm_startup_nrf52.o(.text)
    PWM2_IRQHandler                          0x00026313   Thumb Code     0  arm_startup_nrf52.o(.text)
    QDEC_IRQHandler                          0x00026313   Thumb Code     0  arm_startup_nrf52.o(.text)
    RADIO_IRQHandler                         0x00026313   Thumb Code     0  arm_startup_nrf52.o(.text)
    RNG_IRQHandler                           0x00026313   Thumb Code     0  arm_startup_nrf52.o(.text)
    RTC0_IRQHandler                          0x00026313   Thumb Code     0  arm_startup_nrf52.o(.text)
    RTC2_IRQHandler                          0x00026313   Thumb Code     0  arm_startup_nrf52.o(.text)
    SAADC_IRQHandler                         0x00026313   Thumb Code     0  arm_startup_nrf52.o(.text)
    SPIM1_SPIS1_TWIM1_TWIS1_SPI1_TWI1_IRQHandler 0x00026313   Thumb Code     0  arm_startup_nrf52.o(.text)
    SPIM2_SPIS2_SPI2_IRQHandler              0x00026313   Thumb Code     0  arm_startup_nrf52.o(.text)
    SWI1_EGU1_IRQHandler                     0x00026313   Thumb Code     0  arm_startup_nrf52.o(.text)
    SWI3_EGU3_IRQHandler                     0x00026313   Thumb Code     0  arm_startup_nrf52.o(.text)
    SWI4_EGU4_IRQHandler                     0x00026313   Thumb Code     0  arm_startup_nrf52.o(.text)
    SWI5_EGU5_IRQHandler                     0x00026313   Thumb Code     0  arm_startup_nrf52.o(.text)
    TEMP_IRQHandler                          0x00026313   Thumb Code     0  arm_startup_nrf52.o(.text)
    TIMER0_IRQHandler                        0x00026313   Thumb Code     0  arm_startup_nrf52.o(.text)
    TIMER1_IRQHandler                        0x00026313   Thumb Code     0  arm_startup_nrf52.o(.text)
    TIMER2_IRQHandler                        0x00026313   Thumb Code     0  arm_startup_nrf52.o(.text)
    TIMER3_IRQHandler                        0x00026313   Thumb Code     0  arm_startup_nrf52.o(.text)
    TIMER4_IRQHandler                        0x00026313   Thumb Code     0  arm_startup_nrf52.o(.text)
    WDT_IRQHandler                           0x00026313   Thumb Code     0  arm_startup_nrf52.o(.text)
    __aeabi_uldivmod                         0x0002631d   Thumb Code    98  uldiv.o(.text)
    __aeabi_llsl                             0x0002637f   Thumb Code    30  llshl.o(.text)
    _ll_shift_l                              0x0002637f   Thumb Code     0  llshl.o(.text)
    __aeabi_memcpy                           0x0002639d   Thumb Code    36  memcpya.o(.text)
    __aeabi_memcpy4                          0x0002639d   Thumb Code     0  memcpya.o(.text)
    __aeabi_memcpy8                          0x0002639d   Thumb Code     0  memcpya.o(.text)
    __aeabi_memset                           0x000263c1   Thumb Code    14  memseta.o(.text)
    __aeabi_memset4                          0x000263c1   Thumb Code     0  memseta.o(.text)
    __aeabi_memset8                          0x000263c1   Thumb Code     0  memseta.o(.text)
    __aeabi_memclr                           0x000263cf   Thumb Code     4  memseta.o(.text)
    __aeabi_memclr4                          0x000263cf   Thumb Code     0  memseta.o(.text)
    __aeabi_memclr8                          0x000263cf   Thumb Code     0  memseta.o(.text)
    _memset$wrapper                          0x000263d3   Thumb Code    18  memseta.o(.text)
    __aeabi_llsr                             0x000263e5   Thumb Code    32  llushr.o(.text)
    _ll_ushift_r                             0x000263e5   Thumb Code     0  llushr.o(.text)
    __scatterload                            0x00026405   Thumb Code    28  init.o(.text)
    __scatterload_rt2                        0x00026405   Thumb Code     0  init.o(.text)
    GPIOTE_IRQHandler                        0x00026429   Thumb Code   346  nrfx_gpiote.o(i.GPIOTE_IRQHandler)
    POWER_CLOCK_IRQHandler                   0x000265f1   Thumb Code    82  nrfx_clock.o(i.POWER_CLOCK_IRQHandler)
    RTC1_IRQHandler                          0x00026649   Thumb Code    32  app_timer.o(i.RTC1_IRQHandler)
    SPIM0_SPIS0_TWIM0_TWIS0_SPI0_TWI0_IRQHandler 0x0002666d   Thumb Code    76  nrfx_spim.o(i.SPIM0_SPIS0_TWIM0_TWIS0_SPI0_TWI0_IRQHandler)
    SWI0_EGU0_IRQHandler                     0x000266c1   Thumb Code     4  app_timer.o(i.SWI0_EGU0_IRQHandler)
    SWI2_EGU2_IRQHandler                     0x000266c5   Thumb Code     4  nrf_sdh.o(i.SWI2_EGU2_IRQHandler)
    SystemInit                               0x000266c9   Thumb Code   726  system_nrf52.o(i.SystemInit)
    UARTE0_UART0_IRQHandler                  0x000269e5   Thumb Code     6  nrfx_prs.o(i.UARTE0_UART0_IRQHandler)
    __0printf$bare                           0x000269f1   Thumb Code     8  printfb.o(i.__0printf$bare)
    __1printf$bare                           0x000269f1   Thumb Code     0  printfb.o(i.__0printf$bare)
    __2printf                                0x000269f1   Thumb Code     0  printfb.o(i.__0printf$bare)
    __scatterload_copy                       0x00026a01   Thumb Code    14  handlers.o(i.__scatterload_copy)
    __scatterload_null                       0x00026a0f   Thumb Code     2  handlers.o(i.__scatterload_null)
    __scatterload_zeroinit                   0x00026a11   Thumb Code    14  handlers.o(i.__scatterload_zeroinit)
    app_button_enable                        0x00026aa5   Thumb Code    32  app_button.o(i.app_button_enable)
    app_button_init                          0x00026ac9   Thumb Code   102  app_button.o(i.app_button_init)
    app_error_fault_handler                  0x00026b41   Thumb Code    40  app_error_weak.o(i.app_error_fault_handler)
    app_error_handler_bare                   0x00026b71   Thumb Code    22  app_error.o(i.app_error_handler_bare)
    app_fifo_get                             0x00026b87   Thumb Code    22  app_fifo.o(i.app_fifo_get)
    app_fifo_init                            0x00026b9d   Thumb Code    32  app_fifo.o(i.app_fifo_init)
    app_fifo_put                             0x00026bbd   Thumb Code    26  app_fifo.o(i.app_fifo_put)
    app_timer_create                         0x00026bd9   Thumb Code    36  app_timer.o(i.app_timer_create)
    app_timer_init                           0x00026c01   Thumb Code    70  app_timer.o(i.app_timer_init)
    app_timer_start                          0x00026c55   Thumb Code   128  app_timer.o(i.app_timer_start)
    app_timer_stop                           0x00026cdd   Thumb Code    26  app_timer.o(i.app_timer_stop)
    app_uart_get                             0x00026cfd   Thumb Code    42  app_uart_fifo.o(i.app_uart_get)
    app_uart_init                            0x00026d31   Thumb Code   148  app_uart_fifo.o(i.app_uart_init)
    app_uart_put                             0x00026dd5   Thumb Code    70  app_uart_fifo.o(i.app_uart_put)
    app_util_critical_region_enter           0x00026e29   Thumb Code    64  app_util_platform.o(i.app_util_critical_region_enter)
    app_util_critical_region_exit            0x00026e71   Thumb Code    46  app_util_platform.o(i.app_util_critical_region_exit)
    blcm_link_ctx_get                        0x00026fb5   Thumb Code    72  ble_link_ctx_manager.o(i.blcm_link_ctx_get)
    ble_advdata_encode                       0x00026ffd   Thumb Code   386  ble_advdata.o(i.ble_advdata_encode)
    ble_advdata_parse                        0x0002717f   Thumb Code    32  ble_advdata.o(i.ble_advdata_parse)
    ble_advdata_search                       0x0002719f   Thumb Code    56  ble_advdata.o(i.ble_advdata_search)
    ble_advertising_conn_cfg_tag_set         0x000271d7   Thumb Code     6  ble_advertising.o(i.ble_advertising_conn_cfg_tag_set)
    ble_advertising_init                     0x000271dd   Thumb Code   284  ble_advertising.o(i.ble_advertising_init)
    ble_advertising_on_ble_evt               0x000272f9   Thumb Code   106  ble_advertising.o(i.ble_advertising_on_ble_evt)
    ble_advertising_on_sys_evt               0x00027363   Thumb Code     2  ble_advertising.o(i.ble_advertising_on_sys_evt)
    ble_advertising_restart_without_whitelist 0x00027365   Thumb Code    58  ble_advertising.o(i.ble_advertising_restart_without_whitelist)
    ble_advertising_start                    0x0002739f   Thumb Code   556  ble_advertising.o(i.ble_advertising_start)
    ble_conn_params_init                     0x000275cd   Thumb Code    90  ble_conn_params.o(i.ble_conn_params_init)
    ble_conn_state_conn_idx                  0x00027635   Thumb Code    18  ble_conn_state.o(i.ble_conn_state_conn_idx)
    ble_conn_state_valid                     0x00027649   Thumb Code    16  ble_conn_state.o(i.ble_conn_state_valid)
    ble_nus_data_send                        0x000279c1   Thumb Code   102  ble_nus.o(i.ble_nus_data_send)
    ble_nus_init                             0x00027a29   Thumb Code   206  ble_nus.o(i.ble_nus_init)
    ble_nus_on_ble_evt                       0x00027afd   Thumb Code   112  ble_nus.o(i.ble_nus_on_ble_evt)
    ble_srv_is_notification_enabled          0x00027b6d   Thumb Code     8  ble_srv_common.o(i.ble_srv_is_notification_enabled)
    bmi160_extract_accel                     0x00027b75   Thumb Code   128  bmi160.o(i.bmi160_extract_accel)
    bmi160_get_fifo_data                     0x00027bf5   Thumb Code   138  bmi160.o(i.bmi160_get_fifo_data)
    bmi160_get_regs                          0x00027c7f   Thumb Code    58  bmi160.o(i.bmi160_get_regs)
    bmi160_init                              0x00027cb9   Thumb Code    92  bmi160.o(i.bmi160_init)
    bmi160_set_fifo_config                   0x00027d15   Thumb Code   128  bmi160.o(i.bmi160_set_fifo_config)
    bmi160_set_fifo_wm                       0x00027d95   Thumb Code    28  bmi160.o(i.bmi160_set_fifo_wm)
    bmi160_set_int_config                    0x00027db1   Thumb Code   364  bmi160.o(i.bmi160_set_int_config)
    bmi160_set_power_mode                    0x00027f1d   Thumb Code   174  bmi160.o(i.bmi160_set_power_mode)
    bmi160_set_regs                          0x00027fcb   Thumb Code   126  bmi160.o(i.bmi160_set_regs)
    bmi160_set_sens_conf                     0x00028049   Thumb Code   230  bmi160.o(i.bmi160_set_sens_conf)
    bmi160_soft_reset                        0x0002812f   Thumb Code   110  bmi160.o(i.bmi160_soft_reset)
    bmi160_spi_bus_read                      0x0002819d   Thumb Code    74  main.o(i.bmi160_spi_bus_read)
    bmi160_spi_bus_write                     0x000281f5   Thumb Code    92  main.o(i.bmi160_spi_bus_write)
    bsp_board_button_idx_to_pin              0x00028259   Thumb Code     6  boards.o(i.bsp_board_button_idx_to_pin)
    bsp_board_button_state_get               0x00028265   Thumb Code    28  boards.o(i.bsp_board_button_state_get)
    bsp_board_init                           0x00028285   Thumb Code    80  boards.o(i.bsp_board_init)
    bsp_board_led_invert                     0x000282d9   Thumb Code    32  boards.o(i.bsp_board_led_invert)
    bsp_board_led_off                        0x000282fd   Thumb Code    10  boards.o(i.bsp_board_led_off)
    bsp_board_led_on                         0x0002830d   Thumb Code    10  boards.o(i.bsp_board_led_on)
    bsp_board_led_state_get                  0x0002831d   Thumb Code    28  boards.o(i.bsp_board_led_state_get)
    bsp_board_leds_off                       0x0002833d   Thumb Code    18  boards.o(i.bsp_board_leds_off)
    bsp_board_leds_on                        0x0002834f   Thumb Code    18  boards.o(i.bsp_board_leds_on)
    bsp_board_pin_to_button_idx              0x00028361   Thumb Code    30  boards.o(i.bsp_board_pin_to_button_idx)
    bsp_btn_ble_init                         0x00028385   Thumb Code    52  bsp_btn_ble.o(i.bsp_btn_ble_init)
    bsp_btn_ble_sleep_mode_prepare           0x000283bd   Thumb Code    30  bsp_btn_ble.o(i.bsp_btn_ble_sleep_mode_prepare)
    bsp_button_is_pressed                    0x0002846d   Thumb Code    12  bsp.o(i.bsp_button_is_pressed)
    bsp_event_handler                        0x00028479   Thumb Code    66  main.o(i.bsp_event_handler)
    bsp_event_to_button_action_assign        0x000284c5   Thumb Code    64  bsp.o(i.bsp_event_to_button_action_assign)
    bsp_indication_set                       0x00028509   Thumb Code    20  bsp.o(i.bsp_indication_set)
    bsp_init                                 0x00028521   Thumb Code   128  bsp.o(i.bsp_init)
    bsp_wakeup_button_enable                 0x0002877d   Thumb Code     6  bsp.o(i.bsp_wakeup_button_enable)
    characteristic_add                       0x00028801   Thumb Code   400  ble_srv_common.o(i.characteristic_add)
    config_gpio                              0x00028c45   Thumb Code    48  main.o(i.config_gpio)
    conn_handle_list_get                     0x00029005   Thumb Code    62  ble_conn_state.o(i.conn_handle_list_get)
    fputc                                    0x0002939d   Thumb Code    14  retarget.o(i.fputc)
    free                                     0x000293ad   Thumb Code    76  malloc.o(i.free)
    gatt_evt_handler                         0x000293fd   Thumb Code    28  main.o(i.gatt_evt_handler)
    gatt_init                                0x0002941d   Thumb Code    38  main.o(i.gatt_init)
    get_bmi160_fifo_data                     0x000294a1   Thumb Code    28  main.o(i.get_bmi160_fifo_data)
    interrupt_handler                        0x00029559   Thumb Code     4  main.o(i.interrupt_handler)
    main                                     0x00029775   Thumb Code   436  main.o(i.main)
    malloc                                   0x00029979   Thumb Code    92  malloc.o(i.malloc)
    nrf_atflags_clear                        0x00029bf7   Thumb Code    22  nrf_atflags.o(i.nrf_atflags_clear)
    nrf_atflags_get                          0x00029c0d   Thumb Code    22  nrf_atflags.o(i.nrf_atflags_get)
    nrf_atflags_set                          0x00029c23   Thumb Code    20  nrf_atflags.o(i.nrf_atflags_set)
    nrf_atomic_u32_and                       0x00029c37   Thumb Code    12  nrf_atomic.o(i.nrf_atomic_u32_and)
    nrf_atomic_u32_or                        0x00029c43   Thumb Code    12  nrf_atomic.o(i.nrf_atomic_u32_or)
    nrf_ble_gatt_att_mtu_periph_set          0x00029c73   Thumb Code    24  nrf_ble_gatt.o(i.nrf_ble_gatt_att_mtu_periph_set)
    nrf_ble_gatt_init                        0x00029c8b   Thumb Code    34  nrf_ble_gatt.o(i.nrf_ble_gatt_init)
    nrf_ble_gatt_on_ble_evt                  0x00029cad   Thumb Code   366  nrf_ble_gatt.o(i.nrf_ble_gatt_on_ble_evt)
    nrf_ble_qwr_conn_handle_assign           0x00029e21   Thumb Code    22  nrf_ble_qwr.o(i.nrf_ble_qwr_conn_handle_assign)
    nrf_ble_qwr_init                         0x00029e37   Thumb Code    36  nrf_ble_qwr.o(i.nrf_ble_qwr_init)
    nrf_ble_qwr_on_ble_evt                   0x00029e5b   Thumb Code   182  nrf_ble_qwr.o(i.nrf_ble_qwr_on_ble_evt)
    nrf_drv_clock_init                       0x00029f51   Thumb Code    48  nrf_drv_clock.o(i.nrf_drv_clock_init)
    nrf_drv_clock_lfclk_release              0x00029f89   Thumb Code    42  nrf_drv_clock.o(i.nrf_drv_clock_lfclk_release)
    nrf_drv_spi_init                         0x00029fb9   Thumb Code    98  nrf_drv_spi.o(i.nrf_drv_spi_init)
    nrf_drv_uart_init                        0x0002a041   Thumb Code    90  nrf_drv_uart.o(i.nrf_drv_uart_init)
    nrf_pwr_mgmt_init                        0x0002a29d   Thumb Code    28  nrf_pwr_mgmt.o(i.nrf_pwr_mgmt_init)
    nrf_pwr_mgmt_run                         0x0002a2c5   Thumb Code    64  nrf_pwr_mgmt.o(i.nrf_pwr_mgmt_run)
    nrf_sdh_ble_app_ram_start_get            0x0002a30d   Thumb Code    16  nrf_sdh_ble.o(i.nrf_sdh_ble_app_ram_start_get)
    nrf_sdh_ble_default_cfg_set              0x0002a321   Thumb Code   156  nrf_sdh_ble.o(i.nrf_sdh_ble_default_cfg_set)
    nrf_sdh_ble_enable                       0x0002a3bd   Thumb Code    14  nrf_sdh_ble.o(i.nrf_sdh_ble_enable)
    nrf_sdh_enable_request                   0x0002a431   Thumb Code   102  nrf_sdh.o(i.nrf_sdh_enable_request)
    nrf_sdh_evts_poll                        0x0002a4a5   Thumb Code    32  nrf_sdh.o(i.nrf_sdh_evts_poll)
    nrf_sdh_is_enabled                       0x0002a4c9   Thumb Code     6  nrf_sdh.o(i.nrf_sdh_is_enabled)
    nrf_section_iter_init                    0x0002a511   Thumb Code    10  nrf_section_iter.o(i.nrf_section_iter_init)
    nrf_section_iter_next                    0x0002a53f   Thumb Code    32  nrf_section_iter.o(i.nrf_section_iter_next)
    nrfx_clock_enable                        0x0002a5a1   Thumb Code    38  nrfx_clock.o(i.nrfx_clock_enable)
    nrfx_clock_init                          0x0002a5d1   Thumb Code    26  nrfx_clock.o(i.nrfx_clock_init)
    nrfx_clock_lfclk_stop                    0x0002a5f1   Thumb Code    20  nrfx_clock.o(i.nrfx_clock_lfclk_stop)
    nrfx_gpiote_in_event_enable              0x0002a61d   Thumb Code   156  nrfx_gpiote.o(i.nrfx_gpiote_in_event_enable)
    nrfx_gpiote_in_init                      0x0002a6c1   Thumb Code   194  nrfx_gpiote.o(i.nrfx_gpiote_in_init)
    nrfx_gpiote_in_is_set                    0x0002a791   Thumb Code    20  nrfx_gpiote.o(i.nrfx_gpiote_in_is_set)
    nrfx_gpiote_init                         0x0002a7a5   Thumb Code    98  nrfx_gpiote.o(i.nrfx_gpiote_init)
    nrfx_gpiote_is_init                      0x0002a815   Thumb Code    14  nrfx_gpiote.o(i.nrfx_gpiote_is_init)
    nrfx_prs_acquire                         0x0002a849   Thumb Code    58  nrfx_prs.o(i.nrfx_prs_acquire)
    nrfx_spim_init                           0x0002a885   Thumb Code   366  nrfx_spim.o(i.nrfx_spim_init)
    nrfx_spim_xfer                           0x0002a9fd   Thumb Code    94  nrfx_spim.o(i.nrfx_spim_xfer)
    nrfx_uart_0_irq_handler                  0x0002aa61   Thumb Code     8  nrfx_uart.o(i.nrfx_uart_0_irq_handler)
    nrfx_uart_init                           0x0002aa71   Thumb Code   200  nrfx_uart.o(i.nrfx_uart_init)
    nrfx_uart_rx                             0x0002ab45   Thumb Code   230  nrfx_uart.o(i.nrfx_uart_rx)
    nrfx_uart_tx                             0x0002ac31   Thumb Code   160  nrfx_uart.o(i.nrfx_uart_tx)
    nrfx_uart_tx_in_progress                 0x0002acd5   Thumb Code    26  nrfx_uart.o(i.nrfx_uart_tx_in_progress)
    nrfx_uarte_0_irq_handler                 0x0002acf5   Thumb Code     8  nrfx_uarte.o(i.nrfx_uarte_0_irq_handler)
    nrfx_uarte_init                          0x0002ad05   Thumb Code   100  nrfx_uarte.o(i.nrfx_uarte_init)
    nrfx_uarte_rx                            0x0002ad71   Thumb Code   256  nrfx_uarte.o(i.nrfx_uarte_rx)
    nrfx_uarte_tx                            0x0002ae75   Thumb Code   138  nrfx_uarte.o(i.nrfx_uarte_tx)
    nrfx_uarte_tx_in_progress                0x0002af05   Thumb Code    22  nrfx_uarte.o(i.nrfx_uarte_tx_in_progress)
    sensor_config                            0x0002b2dd   Thumb Code   134  main.o(i.sensor_config)
    spi_config                               0x0002bae5   Thumb Code    52  main.o(i.spi_config)
    spi_event_handler                        0x0002bb21   Thumb Code     8  main.o(i.spi_event_handler)
    uart_event_handle                        0x0002be35   Thumb Code   112  main.o(i.uart_event_handle)
    m_ram_start                              0x0002c6e4   Data           4  nrf_sdh_ble.o(.constdata)
    int_mask_lookup_table                    0x0002c710   Data          13  bmi160.o(.constdata)
    Region$$Table$$Base                      0x0002c720   Number         0  anon$$obj.o(Region$$Table)
    Region$$Table$$Limit                     0x0002c740   Number         0  anon$$obj.o(Region$$Table)
    sdh_ble_observers0$$Base                 0x0002c740   Number         0  ble_conn_state.o(sdh_ble_observers0)
    sdh_ble_observers0$$Limit                0x0002c748   Number         0  ble_conn_state.o(sdh_ble_observers0)
    sdh_ble_observers1$$Base                 0x0002c748   Number         0  main.o(sdh_ble_observers1)
    sdh_ble_observers1$$Limit                0x0002c768   Number         0  ble_conn_params.o(sdh_ble_observers1)
    sdh_ble_observers2$$Base                 0x0002c768   Number         0  main.o(sdh_ble_observers2)
    sdh_ble_observers2$$Limit                0x0002c778   Number         0  main.o(sdh_ble_observers2)
    sdh_ble_observers3$$Base                 0x0002c778   Number         0  main.o(sdh_ble_observers3)
    sdh_ble_observers3$$Limit                0x0002c780   Number         0  main.o(sdh_ble_observers3)
    sdh_soc_observers0$$Base                 0x0002c780   Number         0  nrf_drv_clock.o(sdh_soc_observers0)
    sdh_soc_observers0$$Limit                0x0002c788   Number         0  nrf_drv_clock.o(sdh_soc_observers0)
    sdh_soc_observers1$$Base                 0x0002c788   Number         0  main.o(sdh_soc_observers1)
    sdh_soc_observers1$$Limit                0x0002c790   Number         0  main.o(sdh_soc_observers1)
    sdh_stack_observers0$$Base               0x0002c790   Number         0  nrf_sdh_ble.o(sdh_stack_observers0)
    sdh_stack_observers0$$Limit              0x0002c7a0   Number         0  nrf_sdh_soc.o(sdh_stack_observers0)
    sdh_state_observers0$$Base               0x0002c7a0   Number         0  nrf_drv_clock.o(sdh_state_observers0)
    sdh_state_observers0$$Limit              0x0002c7a8   Number         0  nrf_drv_clock.o(sdh_state_observers0)
    Image$$RW_IRAM1$$Base                    0x20002a98   Number         0  anon$$obj.o ABSOLUTE
    nrf_drv_uart_use_easy_dma                0x20002aec   Data           1  nrf_drv_uart.o(.data)
    __stdout                                 0x20002b60   Data           4  retarget.o(.data)
    SystemCoreClock                          0x20002b68   Data           4  system_nrf52.o(.data)
    __microlib_freelist                      0x20002b6c   Data           4  mvars.o(.data)
    __microlib_freelist_initialised          0x20002b70   Data           4  mvars.o(.data)
    fifo_buff                                0x200030e0   Data         200  main.o(.bss)
    fifo_frame                               0x200031a8   Data          24  main.o(.bss)
    sensor                                   0x2000328c   Data          40  main.o(.bss)
    acc_data                                 0x200032b4   Data         336  main.o(.bss)
    nrf_nvic_state                           0x20003780   Data          12  app_util_platform.o(.bss)
    __heap_base                              0x20003798   Data           0  arm_startup_nrf52.o(HEAP)
    __heap_limit                             0x20005798   Data           0  arm_startup_nrf52.o(HEAP)
    __initial_sp                             0x20007798   Data           0  arm_startup_nrf52.o(STACK)



==============================================================================

Memory Map of the image

  Image Entry point : 0x00026201

  Load Region LR_IROM1 (Base: 0x00026000, Size: 0x00006884, Max: 0x0005a000, ABSOLUTE)

    Execution Region ER_IROM1 (Exec base: 0x00026000, Load base: 0x00026000, Size: 0x000067a8, Max: 0x0005a000, ABSOLUTE)

    Exec Addr    Load Addr    Size         Type   Attr      Idx    E Section Name        Object

    0x00026000   0x00026000   0x00000200   Data   RO         5088    RESET               arm_startup_nrf52.o
    0x00026200   0x00026200   0x00000000   Code   RO         5129  * .ARM.Collect$$$$00000000  mc_w.l(entry.o)
    0x00026200   0x00026200   0x00000004   Code   RO         5436    .ARM.Collect$$$$00000001  mc_w.l(entry2.o)
    0x00026204   0x00026204   0x00000004   Code   RO         5439    .ARM.Collect$$$$00000004  mc_w.l(entry5.o)
    0x00026208   0x00026208   0x00000000   Code   RO         5441    .ARM.Collect$$$$00000008  mc_w.l(entry7b.o)
    0x00026208   0x00026208   0x00000000   Code   RO         5443    .ARM.Collect$$$$0000000A  mc_w.l(entry8b.o)
    0x00026208   0x00026208   0x00000008   Code   RO         5444    .ARM.Collect$$$$0000000B  mc_w.l(entry9a.o)
    0x00026210   0x00026210   0x00000000   Code   RO         5446    .ARM.Collect$$$$0000000D  mc_w.l(entry10a.o)
    0x00026210   0x00026210   0x00000000   Code   RO         5448    .ARM.Collect$$$$0000000F  mc_w.l(entry11a.o)
    0x00026210   0x00026210   0x00000004   Code   RO         5437    .ARM.Collect$$$$00002712  mc_w.l(entry2.o)
    0x00026214   0x00026214   0x000000e2   Code   RO         3530    .emb_text           nrf_atomic.o
    0x000262f6   0x000262f6   0x00000002   PAD
    0x000262f8   0x000262f8   0x00000024   Code   RO         5089    .text               arm_startup_nrf52.o
    0x0002631c   0x0002631c   0x00000062   Code   RO         5132    .text               mc_w.l(uldiv.o)
    0x0002637e   0x0002637e   0x0000001e   Code   RO         5134    .text               mc_w.l(llshl.o)
    0x0002639c   0x0002639c   0x00000024   Code   RO         5136    .text               mc_w.l(memcpya.o)
    0x000263c0   0x000263c0   0x00000024   Code   RO         5138    .text               mc_w.l(memseta.o)
    0x000263e4   0x000263e4   0x00000020   Code   RO         5452    .text               mc_w.l(llushr.o)
    0x00026404   0x00026404   0x00000024   Code   RO         5467    .text               mc_w.l(init.o)
    0x00026428   0x00026428   0x00000164   Code   RO         1873    i.GPIOTE_IRQHandler  nrfx_gpiote.o
    0x0002658c   0x0002658c   0x00000016   Code   RO         3022    i.NVIC_ClearPendingIRQ  app_timer.o
    0x000265a2   0x000265a2   0x00000016   Code   RO         3023    i.NVIC_EnableIRQ    app_timer.o
    0x000265b8   0x000265b8   0x00000016   Code   RO         3024    i.NVIC_SetPendingIRQ  app_timer.o
    0x000265ce   0x000265ce   0x00000020   Code   RO         3025    i.NVIC_SetPriority  app_timer.o
    0x000265ee   0x000265ee   0x00000002   PAD
    0x000265f0   0x000265f0   0x00000058   Code   RO         1741    i.POWER_CLOCK_IRQHandler  nrfx_clock.o
    0x00026648   0x00026648   0x00000024   Code   RO         3026    i.RTC1_IRQHandler   app_timer.o
    0x0002666c   0x0002666c   0x00000054   Code   RO         2610    i.SPIM0_SPIS0_TWIM0_TWIS0_SPI0_TWI0_IRQHandler  nrfx_spim.o
    0x000266c0   0x000266c0   0x00000004   Code   RO         3027    i.SWI0_EGU0_IRQHandler  app_timer.o
    0x000266c4   0x000266c4   0x00000004   Code   RO         4460    i.SWI2_EGU2_IRQHandler  nrf_sdh.o
    0x000266c8   0x000266c8   0x0000031c   Code   RO         5097    i.SystemInit        system_nrf52.o
    0x000269e4   0x000269e4   0x0000000c   Code   RO         2172    i.UARTE0_UART0_IRQHandler  nrfx_prs.o
    0x000269f0   0x000269f0   0x00000010   Code   RO         5149    i.__0printf$bare    mc_w.l(printfb.o)
    0x00026a00   0x00026a00   0x0000000e   Code   RO         5475    i.__scatterload_copy  mc_w.l(handlers.o)
    0x00026a0e   0x00026a0e   0x00000002   Code   RO         5476    i.__scatterload_null  mc_w.l(handlers.o)
    0x00026a10   0x00026a10   0x0000000e   Code   RO         5477    i.__scatterload_zeroinit  mc_w.l(handlers.o)
    0x00026a1e   0x00026a1e   0x00000002   PAD
    0x00026a20   0x00026a20   0x00000024   Code   RO         4461    i.__sd_nvic_app_accessible_irq  nrf_sdh.o
    0x00026a44   0x00026a44   0x00000022   Code   RO         5156    i._printf_core      mc_w.l(printfb.o)
    0x00026a66   0x00026a66   0x00000036   Code   RO          736    i.advertising_buttons_configure  bsp_btn_ble.o
    0x00026a9c   0x00026a9c   0x00000006   Code   RO          619    i.alert_timer_handler  bsp.o
    0x00026aa2   0x00026aa2   0x00000002   PAD
    0x00026aa4   0x00026aa4   0x00000024   Code   RO         2743    i.app_button_enable  app_button.o
    0x00026ac8   0x00026ac8   0x00000078   Code   RO         2744    i.app_button_init   app_button.o
    0x00026b40   0x00026b40   0x00000030   Code   RO         2858    i.app_error_fault_handler  app_error_weak.o
    0x00026b70   0x00026b70   0x00000016   Code   RO         2798    i.app_error_handler_bare  app_error.o
    0x00026b86   0x00026b86   0x00000016   Code   RO         2899    i.app_fifo_get      app_fifo.o
    0x00026b9c   0x00026b9c   0x00000020   Code   RO         2900    i.app_fifo_init     app_fifo.o
    0x00026bbc   0x00026bbc   0x0000001a   Code   RO         2902    i.app_fifo_put      app_fifo.o
    0x00026bd6   0x00026bd6   0x00000002   PAD
    0x00026bd8   0x00026bd8   0x00000028   Code   RO         3030    i.app_timer_create  app_timer.o
    0x00026c00   0x00026c00   0x00000054   Code   RO         3031    i.app_timer_init    app_timer.o
    0x00026c54   0x00026c54   0x00000088   Code   RO         3034    i.app_timer_start   app_timer.o
    0x00026cdc   0x00026cdc   0x00000020   Code   RO         3035    i.app_timer_stop    app_timer.o
    0x00026cfc   0x00026cfc   0x00000034   Code   RO         3197    i.app_uart_get      app_uart_fifo.o
    0x00026d30   0x00026d30   0x000000a4   Code   RO         3198    i.app_uart_init     app_uart_fifo.o
    0x00026dd4   0x00026dd4   0x00000054   Code   RO         3199    i.app_uart_put      app_uart_fifo.o
    0x00026e28   0x00026e28   0x00000048   Code   RO         3278    i.app_util_critical_region_enter  app_util_platform.o
    0x00026e70   0x00026e70   0x00000034   Code   RO         3279    i.app_util_critical_region_exit  app_util_platform.o
    0x00026ea4   0x00026ea4   0x00000088   Code   RO         2223    i.apply_config      nrfx_uart.o
    0x00026f2c   0x00026f2c   0x00000088   Code   RO         2411    i.apply_config      nrfx_uarte.o
    0x00026fb4   0x00026fb4   0x00000048   Code   RO         1275    i.blcm_link_ctx_get  ble_link_ctx_manager.o
    0x00026ffc   0x00026ffc   0x00000182   Code   RO          840    i.ble_advdata_encode  ble_advdata.o
    0x0002717e   0x0002717e   0x00000020   Code   RO          842    i.ble_advdata_parse  ble_advdata.o
    0x0002719e   0x0002719e   0x00000038   Code   RO          843    i.ble_advdata_search  ble_advdata.o
    0x000271d6   0x000271d6   0x00000006   Code   RO          947    i.ble_advertising_conn_cfg_tag_set  ble_advertising.o
    0x000271dc   0x000271dc   0x0000011c   Code   RO          948    i.ble_advertising_init  ble_advertising.o
    0x000272f8   0x000272f8   0x0000006a   Code   RO          950    i.ble_advertising_on_ble_evt  ble_advertising.o
    0x00027362   0x00027362   0x00000002   Code   RO          951    i.ble_advertising_on_sys_evt  ble_advertising.o
    0x00027364   0x00027364   0x0000003a   Code   RO          953    i.ble_advertising_restart_without_whitelist  ble_advertising.o
    0x0002739e   0x0002739e   0x0000022c   Code   RO          954    i.ble_advertising_start  ble_advertising.o
    0x000275ca   0x000275ca   0x00000002   PAD
    0x000275cc   0x000275cc   0x00000068   Code   RO         1043    i.ble_conn_params_init  ble_conn_params.o
    0x00027634   0x00027634   0x00000012   Code   RO         1118    i.ble_conn_state_conn_idx  ble_conn_state.o
    0x00027646   0x00027646   0x00000002   PAD
    0x00027648   0x00027648   0x00000014   Code   RO         1131    i.ble_conn_state_valid  ble_conn_state.o
    0x0002765c   0x0002765c   0x00000060   Code   RO          846    i.ble_device_addr_encode  ble_advdata.o
    0x000276bc   0x000276bc   0x00000094   Code   RO            5    i.ble_evt_handler   main.o
    0x00027750   0x00027750   0x00000070   Code   RO          737    i.ble_evt_handler   bsp_btn_ble.o
    0x000277c0   0x000277c0   0x000000fc   Code   RO         1045    i.ble_evt_handler   ble_conn_params.o
    0x000278bc   0x000278bc   0x00000104   Code   RO         1132    i.ble_evt_handler   ble_conn_state.o
    0x000279c0   0x000279c0   0x00000066   Code   RO         1492    i.ble_nus_data_send  ble_nus.o
    0x00027a26   0x00027a26   0x00000002   PAD
    0x00027a28   0x00027a28   0x000000d4   Code   RO         1493    i.ble_nus_init      ble_nus.o
    0x00027afc   0x00027afc   0x00000070   Code   RO         1494    i.ble_nus_on_ble_evt  ble_nus.o
    0x00027b6c   0x00027b6c   0x00000008   Code   RO         1301    i.ble_srv_is_notification_enabled  ble_srv_common.o
    0x00027b74   0x00027b74   0x00000080   Code   RO         4662    i.bmi160_extract_accel  bmi160.o
    0x00027bf4   0x00027bf4   0x0000008a   Code   RO         4665    i.bmi160_get_fifo_data  bmi160.o
    0x00027c7e   0x00027c7e   0x0000003a   Code   RO         4669    i.bmi160_get_regs   bmi160.o
    0x00027cb8   0x00027cb8   0x0000005c   Code   RO         4671    i.bmi160_init       bmi160.o
    0x00027d14   0x00027d14   0x00000080   Code   RO         4676    i.bmi160_set_fifo_config  bmi160.o
    0x00027d94   0x00027d94   0x0000001c   Code   RO         4679    i.bmi160_set_fifo_wm  bmi160.o
    0x00027db0   0x00027db0   0x0000016c   Code   RO         4680    i.bmi160_set_int_config  bmi160.o
    0x00027f1c   0x00027f1c   0x000000ae   Code   RO         4682    i.bmi160_set_power_mode  bmi160.o
    0x00027fca   0x00027fca   0x0000007e   Code   RO         4683    i.bmi160_set_regs   bmi160.o
    0x00028048   0x00028048   0x000000e6   Code   RO         4684    i.bmi160_set_sens_conf  bmi160.o
    0x0002812e   0x0002812e   0x0000006e   Code   RO         4686    i.bmi160_soft_reset  bmi160.o
    0x0002819c   0x0002819c   0x00000058   Code   RO            6    i.bmi160_spi_bus_read  main.o
    0x000281f4   0x000281f4   0x00000064   Code   RO            7    i.bmi160_spi_bus_write  main.o
    0x00028258   0x00028258   0x0000000c   Code   RO          483    i.bsp_board_button_idx_to_pin  boards.o
    0x00028264   0x00028264   0x00000020   Code   RO          484    i.bsp_board_button_state_get  boards.o
    0x00028284   0x00028284   0x00000054   Code   RO          485    i.bsp_board_init    boards.o
    0x000282d8   0x000282d8   0x00000024   Code   RO          487    i.bsp_board_led_invert  boards.o
    0x000282fc   0x000282fc   0x00000010   Code   RO          488    i.bsp_board_led_off  boards.o
    0x0002830c   0x0002830c   0x00000010   Code   RO          489    i.bsp_board_led_on  boards.o
    0x0002831c   0x0002831c   0x00000020   Code   RO          490    i.bsp_board_led_state_get  boards.o
    0x0002833c   0x0002833c   0x00000012   Code   RO          491    i.bsp_board_leds_off  boards.o
    0x0002834e   0x0002834e   0x00000012   Code   RO          492    i.bsp_board_leds_on  boards.o
    0x00028360   0x00028360   0x00000024   Code   RO          493    i.bsp_board_pin_to_button_idx  boards.o
    0x00028384   0x00028384   0x00000038   Code   RO          738    i.bsp_btn_ble_init  bsp_btn_ble.o
    0x000283bc   0x000283bc   0x0000001e   Code   RO          739    i.bsp_btn_ble_sleep_mode_prepare  bsp_btn_ble.o
    0x000283da   0x000283da   0x00000002   PAD
    0x000283dc   0x000283dc   0x00000090   Code   RO          620    i.bsp_button_event_handler  bsp.o
    0x0002846c   0x0002846c   0x0000000c   Code   RO          621    i.bsp_button_is_pressed  bsp.o
    0x00028478   0x00028478   0x0000004c   Code   RO            8    i.bsp_event_handler  main.o
    0x000284c4   0x000284c4   0x00000044   Code   RO          624    i.bsp_event_to_button_action_assign  bsp.o
    0x00028508   0x00028508   0x00000018   Code   RO          625    i.bsp_indication_set  bsp.o
    0x00028520   0x00028520   0x00000094   Code   RO          626    i.bsp_init          bsp.o
    0x000285b4   0x000285b4   0x000001c8   Code   RO          627    i.bsp_led_indication  bsp.o
    0x0002877c   0x0002877c   0x00000006   Code   RO          629    i.bsp_wakeup_button_enable  bsp.o
    0x00028782   0x00028782   0x00000008   Code   RO          630    i.button_timer_handler  bsp.o
    0x0002878a   0x0002878a   0x00000002   PAD
    0x0002878c   0x0002878c   0x0000001c   Code   RO         1874    i.channel_free      nrfx_gpiote.o
    0x000287a8   0x000287a8   0x00000048   Code   RO         1875    i.channel_port_alloc  nrfx_gpiote.o
    0x000287f0   0x000287f0   0x00000010   Code   RO         1876    i.channel_port_get  nrfx_gpiote.o
    0x00028800   0x00028800   0x00000190   Code   RO         1303    i.characteristic_add  ble_srv_common.o
    0x00028990   0x00028990   0x0000006c   Code   RO         4689    i.check_accel_config  bmi160.o
    0x000289fc   0x000289fc   0x00000022   Code   RO         4690    i.check_frame_validity  bmi160.o
    0x00028a1e   0x00028a1e   0x0000006e   Code   RO         4691    i.check_gyro_config  bmi160.o
    0x00028a8c   0x00028a8c   0x00000028   Code   RO         1546    i.clock_clk_started_notify  nrf_drv_clock.o
    0x00028ab4   0x00028ab4   0x0000001c   Code   RO         1547    i.clock_irq_handler  nrf_drv_clock.o
    0x00028ad0   0x00028ad0   0x000000ac   Code   RO         3037    i.compare_reg_update  app_timer.o
    0x00028b7c   0x00028b7c   0x000000c8   Code   RO         4692    i.config_any_motion_int_settg  bmi160.o
    0x00028c44   0x00028c44   0x00000038   Code   RO            9    i.config_gpio       main.o
    0x00028c7c   0x00028c7c   0x0000006a   Code   RO         4693    i.config_int_latch  bmi160.o
    0x00028ce6   0x00028ce6   0x00000002   PAD
    0x00028ce8   0x00028ce8   0x0000009c   Code   RO         4694    i.config_int_out_ctrl  bmi160.o
    0x00028d84   0x00028d84   0x00000080   Code   RO         4695    i.config_no_motion_dur_thr  bmi160.o
    0x00028e04   0x00028e04   0x0000007c   Code   RO         4696    i.config_orient_int_settg  bmi160.o
    0x00028e80   0x00028e80   0x00000074   Code   RO         4697    i.config_sig_dur_threshold  bmi160.o
    0x00028ef4   0x00028ef4   0x0000009a   Code   RO         4698    i.config_step_detect  bmi160.o
    0x00028f8e   0x00028f8e   0x00000076   Code   RO         4699    i.config_tap_param  bmi160.o
    0x00029004   0x00029004   0x0000003e   Code   RO         1133    i.conn_handle_list_get  ble_conn_state.o
    0x00029042   0x00029042   0x00000088   Code   RO          847    i.conn_int_encode   ble_advdata.o
    0x000290ca   0x000290ca   0x00000004   Code   RO           10    i.conn_params_error_handler  main.o
    0x000290ce   0x000290ce   0x00000002   PAD
    0x000290d0   0x000290d0   0x00000048   Code   RO         1046    i.conn_params_negotiation  ble_conn_params.o
    0x00029118   0x00029118   0x0000001e   Code   RO         1361    i.data_length_update  nrf_ble_gatt.o
    0x00029136   0x00029136   0x00000002   PAD
    0x00029138   0x00029138   0x00000098   Code   RO         2746    i.detection_delay_timeout_handler  app_button.o
    0x000291d0   0x000291d0   0x00000040   Code   RO         3038    i.elapsed_ticks_acquire  app_timer.o
    0x00029210   0x00029210   0x00000076   Code   RO         4700    i.enable_accel_any_motion_int  bmi160.o
    0x00029286   0x00029286   0x000000c8   Code   RO         4701    i.extract_accel_header_mode  bmi160.o
    0x0002934e   0x0002934e   0x00000014   Code   RO         2905    i.fifo_get          app_fifo.o
    0x00029362   0x00029362   0x00000012   Code   RO         2906    i.fifo_put          app_fifo.o
    0x00029374   0x00029374   0x00000028   Code   RO          956    i.flags_set         ble_advertising.o
    0x0002939c   0x0002939c   0x0000000e   Code   RO         4068    i.fputc             retarget.o
    0x000293aa   0x000293aa   0x00000002   PAD
    0x000293ac   0x000293ac   0x00000050   Code   RO         5408    i.free              mc_w.l(malloc.o)
    0x000293fc   0x000293fc   0x00000020   Code   RO           11    i.gatt_evt_handler  main.o
    0x0002941c   0x0002941c   0x00000030   Code   RO           12    i.gatt_init         main.o
    0x0002944c   0x0002944c   0x00000054   Code   RO         4707    i.get_accel_len_to_parse  bmi160.o
    0x000294a0   0x000294a0   0x00000020   Code   RO           13    i.get_bmi160_fifo_data  main.o
    0x000294c0   0x000294c0   0x00000084   Code   RO         2747    i.gpiote_event_handler  app_button.o
    0x00029544   0x00029544   0x00000014   Code   RO         1047    i.instance_get      ble_conn_params.o
    0x00029558   0x00029558   0x00000004   Code   RO           14    i.interrupt_handler  main.o
    0x0002955c   0x0002955c   0x00000080   Code   RO         2412    i.interrupts_enable  nrfx_uarte.o
    0x000295dc   0x000295dc   0x00000044   Code   RO         1048    i.is_conn_params_ok  ble_conn_params.o
    0x00029620   0x00029620   0x00000030   Code   RO          631    i.leds_off          bsp.o
    0x00029650   0x00029650   0x00000014   Code   RO          632    i.leds_timer_handler  bsp.o
    0x00029664   0x00029664   0x00000018   Code   RO         1362    i.link_init         nrf_ble_gatt.o
    0x0002967c   0x0002967c   0x000000f8   Code   RO         3039    i.list_insertions_handler  app_timer.o
    0x00029774   0x00029774   0x00000204   Code   RO           15    i.main              main.o
    0x00029978   0x00029978   0x0000006c   Code   RO         5409    i.malloc            mc_w.l(malloc.o)
    0x000299e4   0x000299e4   0x00000064   Code   RO          848    i.manuf_specific_data_encode  ble_advdata.o
    0x00029a48   0x00029a48   0x0000007c   Code   RO         4711    i.map_feature_interrupt  bmi160.o
    0x00029ac4   0x00029ac4   0x00000078   Code   RO         4712    i.map_hardware_interrupt  bmi160.o
    0x00029b3c   0x00029b3c   0x00000014   Code   RO         4713    i.move_next_frame   bmi160.o
    0x00029b50   0x00029b50   0x000000a6   Code   RO          849    i.name_encode       ble_advdata.o
    0x00029bf6   0x00029bf6   0x00000016   Code   RO         3464    i.nrf_atflags_clear  nrf_atflags.o
    0x00029c0c   0x00029c0c   0x00000016   Code   RO         3469    i.nrf_atflags_get   nrf_atflags.o
    0x00029c22   0x00029c22   0x00000014   Code   RO         3471    i.nrf_atflags_set   nrf_atflags.o
    0x00029c36   0x00029c36   0x0000000c   Code   RO         3536    i.nrf_atomic_u32_and  nrf_atomic.o
    0x00029c42   0x00029c42   0x0000000c   Code   RO         3545    i.nrf_atomic_u32_or  nrf_atomic.o
    0x00029c4e   0x00029c4e   0x00000010   Code   RO         1877    i.nrf_bitmask_bit_is_set  nrfx_gpiote.o
    0x00029c5e   0x00029c5e   0x00000014   Code   RO         1878    i.nrf_bitmask_bit_set  nrfx_gpiote.o
    0x00029c72   0x00029c72   0x00000018   Code   RO         1364    i.nrf_ble_gatt_att_mtu_periph_set  nrf_ble_gatt.o
    0x00029c8a   0x00029c8a   0x00000022   Code   RO         1368    i.nrf_ble_gatt_init  nrf_ble_gatt.o
    0x00029cac   0x00029cac   0x00000174   Code   RO         1369    i.nrf_ble_gatt_on_ble_evt  nrf_ble_gatt.o
    0x00029e20   0x00029e20   0x00000016   Code   RO         1451    i.nrf_ble_qwr_conn_handle_assign  nrf_ble_qwr.o
    0x00029e36   0x00029e36   0x00000024   Code   RO         1452    i.nrf_ble_qwr_init  nrf_ble_qwr.o
    0x00029e5a   0x00029e5a   0x000000b6   Code   RO         1453    i.nrf_ble_qwr_on_ble_evt  nrf_ble_qwr.o
    0x00029f10   0x00029f10   0x0000000e   Code   RO         1742    i.nrf_clock_event_check  nrfx_clock.o
    0x00029f1e   0x00029f1e   0x00000010   Code   RO         1743    i.nrf_clock_event_clear  nrfx_clock.o
    0x00029f2e   0x00029f2e   0x00000002   PAD
    0x00029f30   0x00029f30   0x00000020   Code   RO           16    i.nrf_delay_ms      main.o
    0x00029f50   0x00029f50   0x00000038   Code   RO         1554    i.nrf_drv_clock_init  nrf_drv_clock.o
    0x00029f88   0x00029f88   0x00000030   Code   RO         1558    i.nrf_drv_clock_lfclk_release  nrf_drv_clock.o
    0x00029fb8   0x00029fb8   0x00000070   Code   RO         2563    i.nrf_drv_spi_init  nrf_drv_spi.o
    0x0002a028   0x0002a028   0x00000016   Code   RO           17    i.nrf_drv_spi_transfer  main.o
    0x0002a03e   0x0002a03e   0x00000002   PAD
    0x0002a040   0x0002a040   0x00000068   Code   RO         1689    i.nrf_drv_uart_init  nrf_drv_uart.o
    0x0002a0a8   0x0002a0a8   0x00000020   Code   RO         3200    i.nrf_drv_uart_rx   app_uart_fifo.o
    0x0002a0c8   0x0002a0c8   0x00000020   Code   RO         3201    i.nrf_drv_uart_tx   app_uart_fifo.o
    0x0002a0e8   0x0002a0e8   0x00000024   Code   RO          495    i.nrf_gpio_cfg      boards.o
    0x0002a10c   0x0002a10c   0x00000024   Code   RO         1879    i.nrf_gpio_cfg      nrfx_gpiote.o
    0x0002a130   0x0002a130   0x00000024   Code   RO         2224    i.nrf_gpio_cfg      nrfx_uart.o
    0x0002a154   0x0002a154   0x00000024   Code   RO         2413    i.nrf_gpio_cfg      nrfx_uarte.o
    0x0002a178   0x0002a178   0x00000024   Code   RO         2611    i.nrf_gpio_cfg      nrfx_spim.o
    0x0002a19c   0x0002a19c   0x00000012   Code   RO         2226    i.nrf_gpio_cfg_input  nrfx_uart.o
    0x0002a1ae   0x0002a1ae   0x00000012   Code   RO         2415    i.nrf_gpio_cfg_input  nrfx_uarte.o
    0x0002a1c0   0x0002a1c0   0x00000014   Code   RO         2227    i.nrf_gpio_cfg_output  nrfx_uart.o
    0x0002a1d4   0x0002a1d4   0x00000014   Code   RO         2416    i.nrf_gpio_cfg_output  nrfx_uarte.o
    0x0002a1e8   0x0002a1e8   0x00000014   Code   RO         2612    i.nrf_gpio_cfg_output  nrfx_spim.o
    0x0002a1fc   0x0002a1fc   0x00000022   Code   RO         1881    i.nrf_gpio_cfg_sense_set  nrfx_gpiote.o
    0x0002a21e   0x0002a21e   0x0000000e   Code   RO         2613    i.nrf_gpio_pin_clear  nrfx_spim.o
    0x0002a22c   0x0002a22c   0x0000000e   Code   RO         2614    i.nrf_gpio_pin_set  nrfx_spim.o
    0x0002a23a   0x0002a23a   0x00000016   Code   RO          496    i.nrf_gpio_pin_write  boards.o
    0x0002a250   0x0002a250   0x00000028   Code   RO         1882    i.nrf_gpio_ports_read  nrfx_gpiote.o
    0x0002a278   0x0002a278   0x00000014   Code   RO         1883    i.nrf_gpiote_event_clear  nrfx_gpiote.o
    0x0002a28c   0x0002a28c   0x00000010   Code   RO         1884    i.nrf_gpiote_event_is_set  nrfx_gpiote.o
    0x0002a29c   0x0002a29c   0x00000028   Code   RO         3867    i.nrf_pwr_mgmt_init  nrf_pwr_mgmt.o
    0x0002a2c4   0x0002a2c4   0x00000044   Code   RO         3868    i.nrf_pwr_mgmt_run  nrf_pwr_mgmt.o
    0x0002a308   0x0002a308   0x00000004   Code   RO           18    i.nrf_qwr_error_handler  main.o
    0x0002a30c   0x0002a30c   0x00000014   Code   RO         4578    i.nrf_sdh_ble_app_ram_start_get  nrf_sdh_ble.o
    0x0002a320   0x0002a320   0x0000009c   Code   RO         4579    i.nrf_sdh_ble_default_cfg_set  nrf_sdh_ble.o
    0x0002a3bc   0x0002a3bc   0x00000014   Code   RO         4580    i.nrf_sdh_ble_enable  nrf_sdh_ble.o
    0x0002a3d0   0x0002a3d0   0x00000060   Code   RO         4581    i.nrf_sdh_ble_evts_poll  nrf_sdh_ble.o
    0x0002a430   0x0002a430   0x00000074   Code   RO         4463    i.nrf_sdh_enable_request  nrf_sdh.o
    0x0002a4a4   0x0002a4a4   0x00000024   Code   RO         4464    i.nrf_sdh_evts_poll  nrf_sdh.o
    0x0002a4c8   0x0002a4c8   0x0000000c   Code   RO         4465    i.nrf_sdh_is_enabled  nrf_sdh.o
    0x0002a4d4   0x0002a4d4   0x0000003c   Code   RO         4629    i.nrf_sdh_soc_evts_poll  nrf_sdh_soc.o
    0x0002a510   0x0002a510   0x0000000a   Code   RO         3999    i.nrf_section_iter_init  nrf_section_iter.o
    0x0002a51a   0x0002a51a   0x00000024   Code   RO         4000    i.nrf_section_iter_item_set  nrf_section_iter.o
    0x0002a53e   0x0002a53e   0x00000020   Code   RO         4001    i.nrf_section_iter_next  nrf_section_iter.o
    0x0002a55e   0x0002a55e   0x0000000a   Code   RO         2615    i.nrf_spim_event_check  nrfx_spim.o
    0x0002a568   0x0002a568   0x0000000a   Code   RO         2228    i.nrf_uart_event_check  nrfx_uart.o
    0x0002a572   0x0002a572   0x0000000c   Code   RO         2229    i.nrf_uart_event_clear  nrfx_uart.o
    0x0002a57e   0x0002a57e   0x0000000c   Code   RO         2230    i.nrf_uart_int_enable_check  nrfx_uart.o
    0x0002a58a   0x0002a58a   0x0000000a   Code   RO         2417    i.nrf_uarte_event_check  nrfx_uarte.o
    0x0002a594   0x0002a594   0x0000000c   Code   RO         2418    i.nrf_uarte_event_clear  nrfx_uarte.o
    0x0002a5a0   0x0002a5a0   0x00000030   Code   RO         1748    i.nrfx_clock_enable  nrfx_clock.o
    0x0002a5d0   0x0002a5d0   0x00000020   Code   RO         1751    i.nrfx_clock_init   nrfx_clock.o
    0x0002a5f0   0x0002a5f0   0x0000001c   Code   RO         1754    i.nrfx_clock_lfclk_stop  nrfx_clock.o
    0x0002a60c   0x0002a60c   0x00000010   Code   RO         3040    i.nrfx_coredep_delay_us  app_timer.o
    0x0002a61c   0x0002a61c   0x000000a4   Code   RO         1889    i.nrfx_gpiote_in_event_enable  nrfx_gpiote.o
    0x0002a6c0   0x0002a6c0   0x000000d0   Code   RO         1890    i.nrfx_gpiote_in_init  nrfx_gpiote.o
    0x0002a790   0x0002a790   0x00000014   Code   RO         1891    i.nrfx_gpiote_in_is_set  nrfx_gpiote.o
    0x0002a7a4   0x0002a7a4   0x00000070   Code   RO         1893    i.nrfx_gpiote_init  nrfx_gpiote.o
    0x0002a814   0x0002a814   0x00000014   Code   RO         1894    i.nrfx_gpiote_is_init  nrfx_gpiote.o
    0x0002a828   0x0002a828   0x00000010   Code   RO         2419    i.nrfx_is_in_ram    nrfx_uarte.o
    0x0002a838   0x0002a838   0x00000010   Code   RO         2616    i.nrfx_is_in_ram    nrfx_spim.o
    0x0002a848   0x0002a848   0x0000003a   Code   RO         2173    i.nrfx_prs_acquire  nrfx_prs.o
    0x0002a882   0x0002a882   0x00000002   PAD
    0x0002a884   0x0002a884   0x00000178   Code   RO         2619    i.nrfx_spim_init    nrfx_spim.o
    0x0002a9fc   0x0002a9fc   0x00000064   Code   RO         2622    i.nrfx_spim_xfer    nrfx_spim.o
    0x0002aa60   0x0002aa60   0x00000010   Code   RO         2231    i.nrfx_uart_0_irq_handler  nrfx_uart.o
    0x0002aa70   0x0002aa70   0x000000d4   Code   RO         2233    i.nrfx_uart_init    nrfx_uart.o
    0x0002ab44   0x0002ab44   0x000000ec   Code   RO         2234    i.nrfx_uart_rx      nrfx_uart.o
    0x0002ac30   0x0002ac30   0x000000a4   Code   RO         2239    i.nrfx_uart_tx      nrfx_uart.o
    0x0002acd4   0x0002acd4   0x00000020   Code   RO         2241    i.nrfx_uart_tx_in_progress  nrfx_uart.o
    0x0002acf4   0x0002acf4   0x00000010   Code   RO         2420    i.nrfx_uarte_0_irq_handler  nrfx_uarte.o
    0x0002ad04   0x0002ad04   0x0000006c   Code   RO         2422    i.nrfx_uarte_init   nrfx_uarte.o
    0x0002ad70   0x0002ad70   0x00000104   Code   RO         2423    i.nrfx_uarte_rx     nrfx_uarte.o
    0x0002ae74   0x0002ae74   0x00000090   Code   RO         2426    i.nrfx_uarte_tx     nrfx_uarte.o
    0x0002af04   0x0002af04   0x0000001c   Code   RO         2428    i.nrfx_uarte_tx_in_progress  nrfx_uarte.o
    0x0002af20   0x0002af20   0x00000018   Code   RO         4714    i.null_ptr_check    bmi160.o
    0x0002af38   0x0002af38   0x00000042   Code   RO           19    i.nus_data_handler  main.o
    0x0002af7a   0x0002af7a   0x00000024   Code   RO           20    i.on_adv_evt        main.o
    0x0002af9e   0x0002af9e   0x00000002   PAD
    0x0002afa0   0x0002afa0   0x0000001c   Code   RO           21    i.on_conn_params_evt  main.o
    0x0002afbc   0x0002afbc   0x0000006a   Code   RO         1495    i.on_connect        ble_nus.o
    0x0002b026   0x0002b026   0x00000084   Code   RO         1496    i.on_write          ble_nus.o
    0x0002b0aa   0x0002b0aa   0x00000012   Code   RO          957    i.phy_is_valid      ble_advertising.o
    0x0002b0bc   0x0002b0bc   0x00000018   Code   RO         1910    i.pin_in_use_by_port  nrfx_gpiote.o
    0x0002b0d4   0x0002b0d4   0x00000018   Code   RO         1911    i.pin_in_use_by_te  nrfx_gpiote.o
    0x0002b0ec   0x0002b0ec   0x00000060   Code   RO         4716    i.process_under_sampling  bmi160.o
    0x0002b14c   0x0002b14c   0x00000018   Code   RO         2175    i.prs_box_get       nrfx_prs.o
    0x0002b164   0x0002b164   0x0000003c   Code   RO         3041    i.rtc1_stop         app_timer.o
    0x0002b1a0   0x0002b1a0   0x00000032   Code   RO         2243    i.rx_byte           nrfx_uart.o
    0x0002b1d2   0x0002b1d2   0x00000016   Code   RO         2244    i.rx_done_event     nrfx_uart.o
    0x0002b1e8   0x0002b1e8   0x00000018   Code   RO         2430    i.rx_done_event     nrfx_uarte.o
    0x0002b200   0x0002b200   0x00000020   Code   RO         2245    i.rx_enable         nrfx_uart.o
    0x0002b220   0x0002b220   0x00000050   Code   RO         1561    i.sd_state_evt_handler  nrf_drv_clock.o
    0x0002b270   0x0002b270   0x00000030   Code   RO         4470    i.sdh_request_observer_notify  nrf_sdh.o
    0x0002b2a0   0x0002b2a0   0x0000002c   Code   RO         4471    i.sdh_state_observer_notify  nrf_sdh.o
    0x0002b2cc   0x0002b2cc   0x00000010   Code   RO         1049    i.send_error_evt    ble_conn_params.o
    0x0002b2dc   0x0002b2dc   0x00000098   Code   RO           22    i.sensor_config     main.o
    0x0002b374   0x0002b374   0x00000088   Code   RO          850    i.service_data_encode  ble_advdata.o
    0x0002b3fc   0x0002b3fc   0x000000bc   Code   RO         4717    i.set_accel_flat_detect_int  bmi160.o
    0x0002b4b8   0x0002b4b8   0x000000f8   Code   RO         4718    i.set_accel_high_g_int  bmi160.o
    0x0002b5b0   0x0002b5b0   0x000000f6   Code   RO         4719    i.set_accel_low_g_int  bmi160.o
    0x0002b6a6   0x0002b6a6   0x000000ca   Code   RO         4720    i.set_accel_no_motion_int  bmi160.o
    0x0002b770   0x0002b770   0x00000078   Code   RO         4721    i.set_accel_orientation_int  bmi160.o
    0x0002b7e8   0x0002b7e8   0x000000c6   Code   RO         4722    i.set_accel_sig_motion_int  bmi160.o
    0x0002b8ae   0x0002b8ae   0x00000078   Code   RO         4723    i.set_accel_step_detect_int  bmi160.o
    0x0002b926   0x0002b926   0x00000002   PAD
    0x0002b928   0x0002b928   0x000000d8   Code   RO         4724    i.set_accel_tap_int  bmi160.o
    0x0002ba00   0x0002ba00   0x0000001c   Code   RO         4725    i.set_intr_pin_config  bmi160.o
    0x0002ba1c   0x0002ba1c   0x00000030   Code   RO         1305    i.set_security_req  ble_srv_common.o
    0x0002ba4c   0x0002ba4c   0x00000028   Code   RO           23    i.sleep_mode_enter  main.o
    0x0002ba74   0x0002ba74   0x00000018   Code   RO         1562    i.soc_evt_handler   nrf_drv_clock.o
    0x0002ba8c   0x0002ba8c   0x00000058   Code   RO         4473    i.softdevices_evt_irq_enable  nrf_sdh.o
    0x0002bae4   0x0002bae4   0x0000003c   Code   RO           24    i.spi_config        main.o
    0x0002bb20   0x0002bb20   0x0000000c   Code   RO           25    i.spi_event_handler  main.o
    0x0002bb2c   0x0002bb2c   0x00000038   Code   RO         2564    i.spim_evt_handler  nrf_drv_spi.o
    0x0002bb64   0x0002bb64   0x000000bc   Code   RO         2623    i.spim_xfer         nrfx_spim.o
    0x0002bc20   0x0002bc20   0x00000080   Code   RO         3042    i.timer_list_handler  app_timer.o
    0x0002bca0   0x0002bca0   0x0000003c   Code   RO         3043    i.timer_list_insert  app_timer.o
    0x0002bcdc   0x0002bcdc   0x00000060   Code   RO         3044    i.timer_list_remove  app_timer.o
    0x0002bd3c   0x0002bd3c   0x00000048   Code   RO         3045    i.timer_stop_op_schedule  app_timer.o
    0x0002bd84   0x0002bd84   0x00000074   Code   RO         3046    i.timer_timeouts_check  app_timer.o
    0x0002bdf8   0x0002bdf8   0x00000020   Code   RO         2246    i.tx_byte           nrfx_uart.o
    0x0002be18   0x0002be18   0x0000001a   Code   RO         2247    i.tx_done_event     nrfx_uart.o
    0x0002be32   0x0002be32   0x00000002   PAD
    0x0002be34   0x0002be34   0x00000078   Code   RO           26    i.uart_event_handle  main.o
    0x0002beac   0x0002beac   0x000000a0   Code   RO         3202    i.uart_event_handler  app_uart_fifo.o
    0x0002bf4c   0x0002bf4c   0x00000030   Code   RO         1690    i.uart_evt_handler  nrf_drv_uart.o
    0x0002bf7c   0x0002bf7c   0x00000128   Code   RO         2248    i.uart_irq_handler  nrfx_uart.o
    0x0002c0a4   0x0002c0a4   0x00000030   Code   RO         1691    i.uarte_evt_handler  nrf_drv_uart.o
    0x0002c0d4   0x0002c0d4   0x000000f4   Code   RO         2431    i.uarte_irq_handler  nrfx_uarte.o
    0x0002c1c8   0x0002c1c8   0x0000000a   Code   RO          851    i.uint16_encode     ble_advdata.o
    0x0002c1d2   0x0002c1d2   0x00000042   Code   RO         4727    i.unpack_accel_data  bmi160.o
    0x0002c214   0x0002c214   0x00000102   Code   RO         4728    i.unpack_accel_frame  bmi160.o
    0x0002c316   0x0002c316   0x0000002a   Code   RO         4733    i.unpack_sensortime_frame  bmi160.o
    0x0002c340   0x0002c340   0x0000001c   Code   RO         4734    i.unpack_skipped_frame  bmi160.o
    0x0002c35c   0x0002c35c   0x00000068   Code   RO         1050    i.update_timeout_handler  ble_conn_params.o
    0x0002c3c4   0x0002c3c4   0x00000018   Code   RO          958    i.use_whitelist     ble_advertising.o
    0x0002c3dc   0x0002c3dc   0x00000024   Code   RO         1454    i.user_mem_reply    nrf_ble_qwr.o
    0x0002c400   0x0002c400   0x00000030   Code   RO         3047    i.user_op_alloc     app_timer.o
    0x0002c430   0x0002c430   0x00000030   Code   RO          852    i.uuid_list_encode  ble_advdata.o
    0x0002c460   0x0002c460   0x0000009e   Code   RO          853    i.uuid_list_sized_encode  ble_advdata.o
    0x0002c4fe   0x0002c4fe   0x0000003a   Code   RO          633    i.wakeup_button_cfg  bsp.o
    0x0002c538   0x0002c538   0x00000008   PAD
    0x0002c540   0x0002c540   0x00000050   Data   RO           28    .constdata          main.o
    0x0002c590   0x0002c590   0x00000008   Data   RO          497    .constdata          boards.o
    0x0002c598   0x0002c598   0x0000002c   Data   RO          638    .constdata          bsp.o
    0x0002c5c4   0x0002c5c4   0x00000016   Data   RO         1370    .constdata          nrf_ble_gatt.o
    0x0002c5da   0x0002c5da   0x00000002   PAD
    0x0002c5dc   0x0002c5dc   0x00000010   Data   RO         1497    .constdata          ble_nus.o
    0x0002c5ec   0x0002c5ec   0x00000004   Data   RO         1913    .constdata          nrfx_gpiote.o
    0x0002c5f0   0x0002c5f0   0x00000004   Data   RO         2251    .constdata          nrfx_uart.o
    0x0002c5f4   0x0002c5f4   0x00000004   Data   RO         2434    .constdata          nrfx_uarte.o
    0x0002c5f8   0x0002c5f8   0x00000010   Data   RO         2566    .constdata          nrf_drv_spi.o
    0x0002c608   0x0002c608   0x00000004   Data   RO         2626    .constdata          nrfx_spim.o
    0x0002c60c   0x0002c60c   0x00000008   Data   RO         2749    .constdata          app_button.o
    0x0002c614   0x0002c614   0x0000000c   PAD
    0x0002c620   0x0002c620   0x00000006   Data   RO         3049    .constdata          app_timer.o
    0x0002c626   0x0002c626   0x00000002   PAD
    0x0002c628   0x0002c628   0x00000020   Data   RO         3204    .constdata          app_uart_fifo.o
    0x0002c648   0x0002c648   0x00000018   Data   RO         3872    .constdata          nrf_pwr_mgmt.o
    0x0002c660   0x0002c660   0x0000000c   Data   RO         3873    .constdata          nrf_pwr_mgmt.o
    0x0002c66c   0x0002c66c   0x00000010   Data   RO         4474    .constdata          nrf_sdh.o
    0x0002c67c   0x0002c67c   0x00000028   Data   RO         4475    .constdata          nrf_sdh.o
    0x0002c6a4   0x0002c6a4   0x00000010   Data   RO         4476    .constdata          nrf_sdh.o
    0x0002c6b4   0x0002c6b4   0x00000010   Data   RO         4477    .constdata          nrf_sdh.o
    0x0002c6c4   0x0002c6c4   0x00000020   Data   RO         4582    .constdata          nrf_sdh_ble.o
    0x0002c6e4   0x0002c6e4   0x00000010   Data   RO         4583    .constdata          nrf_sdh_ble.o
    0x0002c6f4   0x0002c6f4   0x00000010   Data   RO         4630    .constdata          nrf_sdh_soc.o
    0x0002c704   0x0002c704   0x0000000c   Data   RO         4631    .constdata          nrf_sdh_soc.o
    0x0002c710   0x0002c710   0x0000000d   Data   RO         4735    .constdata          bmi160.o
    0x0002c71d   0x0002c71d   0x00000003   PAD
    0x0002c720   0x0002c720   0x00000020   Data   RO         5473    Region$$Table       anon$$obj.o
    0x0002c740   0x0002c740   0x00000008   Data   RO         1137    sdh_ble_observers0  ble_conn_state.o
    0x0002c748   0x0002c748   0x00000010   Data   RO           32    sdh_ble_observers1  main.o
    0x0002c758   0x0002c758   0x00000008   Data   RO          741    sdh_ble_observers1  bsp_btn_ble.o
    0x0002c760   0x0002c760   0x00000008   Data   RO         1053    sdh_ble_observers1  ble_conn_params.o
    0x0002c768   0x0002c768   0x00000010   Data   RO           33    sdh_ble_observers2  main.o
    0x0002c778   0x0002c778   0x00000008   Data   RO           34    sdh_ble_observers3  main.o
    0x0002c780   0x0002c780   0x00000008   Data   RO         1568    sdh_soc_observers0  nrf_drv_clock.o
    0x0002c788   0x0002c788   0x00000008   Data   RO           35    sdh_soc_observers1  main.o
    0x0002c790   0x0002c790   0x00000008   Data   RO         4585    sdh_stack_observers0  nrf_sdh_ble.o
    0x0002c798   0x0002c798   0x00000008   Data   RO         4632    sdh_stack_observers0  nrf_sdh_soc.o
    0x0002c7a0   0x0002c7a0   0x00000008   Data   RO         1569    sdh_state_observers0  nrf_drv_clock.o


    Execution Region RW_IRAM1 (Exec base: 0x20002a98, Load base: 0x0002c7a8, Size: 0x00004d00, Max: 0x0000d568, ABSOLUTE)

    Exec Addr    Load Addr    Size         Type   Attr      Idx    E Section Name        Object

    0x20002a98   0x0002c7a8   0x00000008   Data   RW           29    .data               main.o
    0x20002aa0   0x0002c7b0   0x00000028   Data   RW           30    .data               main.o
    0x20002ac8   0x0002c7d8   0x00000004   Data   RW           31    .data               main.o
    0x20002acc   0x0002c7dc   0x00000010   Data   RW          639    .data               bsp.o
    0x20002adc   0x0002c7ec   0x00000008   Data   RW          740    .data               bsp_btn_ble.o
    0x20002ae4   0x0002c7f4   0x00000008   Data   RW         1052    .data               ble_conn_params.o
    0x20002aec   0x0002c7fc   0x0000000c   Data   RW         1692    .data               nrf_drv_uart.o
    0x20002af8   0x0002c808   0x00000008   Data   RW         1758    .data               nrfx_clock.o
    0x20002b00   0x0002c810   0x00000008   Data   RW         2177    .data               nrfx_prs.o
    0x20002b08   0x0002c818   0x00000020   Data   RW         2750    .data               app_button.o
    0x20002b28   0x0002c838   0x00000014   Data   RW         3050    .data               app_timer.o
    0x20002b3c   0x0002c84c   0x0000001c   Data   RW         3205    .data               app_uart_fifo.o
    0x20002b58   0x0002c868   0x00000008   Data   RW         3874    .data               nrf_pwr_mgmt.o
    0x20002b60   0x0002c870   0x00000004   Data   RW         4069    .data               retarget.o
    0x20002b64   0x0002c874   0x00000003   Data   RW         4478    .data               nrf_sdh.o
    0x20002b67   0x0002c877   0x00000001   Data   RW         4584    .data               nrf_sdh_ble.o
    0x20002b68   0x0002c878   0x00000004   Data   RW         5098    .data               system_nrf52.o
    0x20002b6c   0x0002c87c   0x00000004   Data   RW         5454    .data               mc_w.l(mvars.o)
    0x20002b70   0x0002c880   0x00000004   Data   RW         5455    .data               mc_w.l(mvars.o)
    0x20002b74        -       0x00000890   Zero   RW           27    .bss                main.o
    0x20003404        -       0x00000020   Zero   RW          634    .bss                bsp.o
    0x20003424        -       0x00000020   Zero   RW          635    .bss                bsp.o
    0x20003444        -       0x0000000c   Zero   RW          636    .bss                bsp.o
    0x20003450        -       0x00000020   Zero   RW          637    .bss                bsp.o
    0x20003470        -       0x00000050   Zero   RW         1051    .bss                ble_conn_params.o
    0x200034c0        -       0x00000078   Zero   RW         1136    .bss                ble_conn_state.o
    0x20003538        -       0x00000014   Zero   RW         1563    .bss                nrf_drv_clock.o
    0x2000354c        -       0x0000005c   Zero   RW         1912    .bss                nrfx_gpiote.o
    0x200035a8        -       0x0000002c   Zero   RW         2249    .bss                nrfx_uart.o
    0x200035d4        -       0x00000024   Zero   RW         2432    .bss                nrfx_uarte.o
    0x200035f8        -       0x00000018   Zero   RW         2565    .bss                nrf_drv_spi.o
    0x20003610        -       0x00000024   Zero   RW         2624    .bss                nrfx_spim.o
    0x20003634        -       0x00000020   Zero   RW         2748    .bss                app_button.o
    0x20003654        -       0x0000010c   Zero   RW         3048    .bss                app_timer.o
    0x20003760        -       0x00000020   Zero   RW         3203    .bss                app_uart_fifo.o
    0x20003780        -       0x0000000c   Zero   RW         3284    .bss                app_util_platform.o
    0x2000378c        -       0x0000000c   Zero   RW         3871    .bss                nrf_pwr_mgmt.o
    0x20003798        -       0x00002000   Zero   RW         5087    HEAP                arm_startup_nrf52.o
    0x20005798        -       0x00002000   Zero   RW         5086    STACK               arm_startup_nrf52.o


==============================================================================

Image component sizes


      Code (inc. data)   RO Data    RW Data    ZI Data      Debug   Object Name

       440         36          8         32         32       4882   app_button.o
        22          0          0          0          0       2497   app_error.o
        48          8          0          0          0      30609   app_error_weak.o
       118          0          0          0          0       5154   app_fifo.o
      1510        118          6         20        268      48975   app_timer.o
       524         60         32         28         32      21506   app_uart_fifo.o
       124         14          0          0         12       9698   app_util_platform.o
        36          8        512          0      16384        948   arm_startup_nrf52.o
      1324          0          0          0          0      53144   ble_advdata.o
      1094          6          0          0          0      11208   ble_advertising.o
       636         44          8          8         80       9439   ble_conn_params.o
       360         10          8          0        120       7043   ble_conn_state.o
        72          0          0          0          0       1692   ble_link_ctx_manager.o
       664          6         16          0          0       6700   ble_nus.o
       456          6          0          0          0       3455   ble_srv_common.o
      5676         24         13          0          0      53561   bmi160.o
       358         40          8          0          0      48327   boards.o
       998         84         44         16        108      15795   bsp.o
       252         10          8          8          0       4932   bsp_btn_ble.o
      1676        194        128         52       2192     227270   main.o
        64          0          0          0          0       3048   nrf_atflags.o
       250          0          0          0          0       3784   nrf_atomic.o
       484          6         22          0          0      35548   nrf_ble_gatt.o
       276          0          0          0          0       4813   nrf_ble_qwr.o
       276         34         16          0         20      37838   nrf_drv_clock.o
       168         18         16          0         24      15883   nrf_drv_spi.o
       200         26          0         12          0      18072   nrf_drv_uart.o
       108         16         36          8         12      36349   nrf_pwr_mgmt.o
       384         46         88          3          0      39379   nrf_sdh.o
       292         18         56          1          0       5695   nrf_sdh_ble.o
        60          4         36          0          0       2416   nrf_sdh_soc.o
        78          0          0          0          0       2868   nrf_section_iter.o
       226         30          0          8          0      40244   nrfx_clock.o
      1226         92          4          0         92      59060   nrfx_gpiote.o
        94         16          0          8          0       3781   nrfx_prs.o
       858         24          4          0         36      21333   nrfx_spim.o
      1362         36          4          0         44      31736   nrfx_uart.o
      1200         38          4          0         36      24137   nrfx_uarte.o
        14          0          0          4          0       2938   retarget.o
       796         70          0          4          0       3007   system_nrf52.o

    ----------------------------------------------------------------------
     24850       1142       1128        212      19492     958764   Object Totals
         0          0         32          0          0          0   (incl. Generated)
        46          0         19          0          0          0   (incl. Padding)

    ----------------------------------------------------------------------

      Code (inc. data)   RO Data    RW Data    ZI Data      Debug   Library Member Name

         0          0          0          0          0          0   entry.o
         0          0          0          0          0          0   entry10a.o
         0          0          0          0          0          0   entry11a.o
         8          4          0          0          0          0   entry2.o
         4          0          0          0          0          0   entry5.o
         0          0          0          0          0          0   entry7b.o
         0          0          0          0          0          0   entry8b.o
         8          4          0          0          0          0   entry9a.o
        30          0          0          0          0          0   handlers.o
        36          8          0          0          0         68   init.o
        30          0          0          0          0         68   llshl.o
        32          0          0          0          0         68   llushr.o
       188         20          0          0          0        160   malloc.o
        36          0          0          0          0         68   memcpya.o
        36          0          0          0          0        108   memseta.o
         0          0          0          8          0          0   mvars.o
        50          8          0          0          0        152   printfb.o
        98          0          0          0          0         92   uldiv.o

    ----------------------------------------------------------------------
       558         44          0          8          0        784   Library Totals
         2          0          0          0          0          0   (incl. Padding)

    ----------------------------------------------------------------------

      Code (inc. data)   RO Data    RW Data    ZI Data      Debug   Library Name

       556         44          0          8          0        784   mc_w.l

    ----------------------------------------------------------------------
       558         44          0          8          0        784   Library Totals

    ----------------------------------------------------------------------

==============================================================================


      Code (inc. data)   RO Data    RW Data    ZI Data      Debug   

     25408       1186       1128        220      19492     931088   Grand Totals
     25408       1186       1128        220      19492     931088   ELF Image Totals
     25408       1186       1128        220          0          0   ROM Totals

==============================================================================

    Total RO  Size (Code + RO Data)                26536 (  25.91kB)
    Total RW  Size (RW Data + ZI Data)             19712 (  19.25kB)
    Total ROM Size (Code + RO Data + RW Data)      26756 (  26.13kB)

==============================================================================

